Archive member included to satisfy reference by file (symbol)

D:/stm32ide/STM32CubeIDE_2.0.0/STM32CubeIDE/plugins/com.st.stm32cube.ide.mcu.externaltools.gnu-tools-for-stm32.13.3.rel1.win32_1.0.100.202509120712/tools/bin/../lib/gcc/arm-none-eabi/13.3.1/../../../../arm-none-eabi/lib/thumb/v7-m/nofp\libc_nano.a(libc_a-assert.o)
                              ./Core/Src/ads131m0x.o (__assert_func)
D:/stm32ide/STM32CubeIDE_2.0.0/STM32CubeIDE/plugins/com.st.stm32cube.ide.mcu.externaltools.gnu-tools-for-stm32.13.3.rel1.win32_1.0.100.202509120712/tools/bin/../lib/gcc/arm-none-eabi/13.3.1/../../../../arm-none-eabi/lib/thumb/v7-m/nofp\libc_nano.a(libc_a-exit.o)
                              D:/stm32ide/STM32CubeIDE_2.0.0/STM32CubeIDE/plugins/com.st.stm32cube.ide.mcu.externaltools.gnu-tools-for-stm32.13.3.rel1.win32_1.0.100.202509120712/tools/bin/../lib/gcc/arm-none-eabi/13.3.1/../../../../arm-none-eabi/lib/thumb/v7-m/nofp/crt0.o (exit)
D:/stm32ide/STM32CubeIDE_2.0.0/STM32CubeIDE/plugins/com.st.stm32cube.ide.mcu.externaltools.gnu-tools-for-stm32.13.3.rel1.win32_1.0.100.202509120712/tools/bin/../lib/gcc/arm-none-eabi/13.3.1/../../../../arm-none-eabi/lib/thumb/v7-m/nofp\libc_nano.a(libc_a-malloc.o)
                              ./Core/Src/queue.o (malloc)
D:/stm32ide/STM32CubeIDE_2.0.0/STM32CubeIDE/plugins/com.st.stm32cube.ide.mcu.externaltools.gnu-tools-for-stm32.13.3.rel1.win32_1.0.100.202509120712/tools/bin/../lib/gcc/arm-none-eabi/13.3.1/../../../../arm-none-eabi/lib/thumb/v7-m/nofp\libc_nano.a(libc_a-mallocr.o)
                              D:/stm32ide/STM32CubeIDE_2.0.0/STM32CubeIDE/plugins/com.st.stm32cube.ide.mcu.externaltools.gnu-tools-for-stm32.13.3.rel1.win32_1.0.100.202509120712/tools/bin/../lib/gcc/arm-none-eabi/13.3.1/../../../../arm-none-eabi/lib/thumb/v7-m/nofp\libc_nano.a(libc_a-malloc.o) (_malloc_r)
D:/stm32ide/STM32CubeIDE_2.0.0/STM32CubeIDE/plugins/com.st.stm32cube.ide.mcu.externaltools.gnu-tools-for-stm32.13.3.rel1.win32_1.0.100.202509120712/tools/bin/../lib/gcc/arm-none-eabi/13.3.1/../../../../arm-none-eabi/lib/thumb/v7-m/nofp\libc_nano.a(libc_a-mlock.o)
                              D:/stm32ide/STM32CubeIDE_2.0.0/STM32CubeIDE/plugins/com.st.stm32cube.ide.mcu.externaltools.gnu-tools-for-stm32.13.3.rel1.win32_1.0.100.202509120712/tools/bin/../lib/gcc/arm-none-eabi/13.3.1/../../../../arm-none-eabi/lib/thumb/v7-m/nofp\libc_nano.a(libc_a-mallocr.o) (__malloc_lock)
D:/stm32ide/STM32CubeIDE_2.0.0/STM32CubeIDE/plugins/com.st.stm32cube.ide.mcu.externaltools.gnu-tools-for-stm32.13.3.rel1.win32_1.0.100.202509120712/tools/bin/../lib/gcc/arm-none-eabi/13.3.1/../../../../arm-none-eabi/lib/thumb/v7-m/nofp\libc_nano.a(libc_a-findfp.o)
                              D:/stm32ide/STM32CubeIDE_2.0.0/STM32CubeIDE/plugins/com.st.stm32cube.ide.mcu.externaltools.gnu-tools-for-stm32.13.3.rel1.win32_1.0.100.202509120712/tools/bin/../lib/gcc/arm-none-eabi/13.3.1/../../../../arm-none-eabi/lib/thumb/v7-m/nofp\libc_nano.a(libc_a-exit.o) (__stdio_exit_handler)
D:/stm32ide/STM32CubeIDE_2.0.0/STM32CubeIDE/plugins/com.st.stm32cube.ide.mcu.externaltools.gnu-tools-for-stm32.13.3.rel1.win32_1.0.100.202509120712/tools/bin/../lib/gcc/arm-none-eabi/13.3.1/../../../../arm-none-eabi/lib/thumb/v7-m/nofp\libc_nano.a(libc_a-fprintf.o)
                              D:/stm32ide/STM32CubeIDE_2.0.0/STM32CubeIDE/plugins/com.st.stm32cube.ide.mcu.externaltools.gnu-tools-for-stm32.13.3.rel1.win32_1.0.100.202509120712/tools/bin/../lib/gcc/arm-none-eabi/13.3.1/../../../../arm-none-eabi/lib/thumb/v7-m/nofp\libc_nano.a(libc_a-assert.o) (fiprintf)
D:/stm32ide/STM32CubeIDE_2.0.0/STM32CubeIDE/plugins/com.st.stm32cube.ide.mcu.externaltools.gnu-tools-for-stm32.13.3.rel1.win32_1.0.100.202509120712/tools/bin/../lib/gcc/arm-none-eabi/13.3.1/../../../../arm-none-eabi/lib/thumb/v7-m/nofp\libc_nano.a(libc_a-fwalk.o)
                              D:/stm32ide/STM32CubeIDE_2.0.0/STM32CubeIDE/plugins/com.st.stm32cube.ide.mcu.externaltools.gnu-tools-for-stm32.13.3.rel1.win32_1.0.100.202509120712/tools/bin/../lib/gcc/arm-none-eabi/13.3.1/../../../../arm-none-eabi/lib/thumb/v7-m/nofp\libc_nano.a(libc_a-findfp.o) (_fwalk_sglue)
D:/stm32ide/STM32CubeIDE_2.0.0/STM32CubeIDE/plugins/com.st.stm32cube.ide.mcu.externaltools.gnu-tools-for-stm32.13.3.rel1.win32_1.0.100.202509120712/tools/bin/../lib/gcc/arm-none-eabi/13.3.1/../../../../arm-none-eabi/lib/thumb/v7-m/nofp\libc_nano.a(libc_a-snprintf.o)
                              ./Core/Src/main.o (snprintf)
D:/stm32ide/STM32CubeIDE_2.0.0/STM32CubeIDE/plugins/com.st.stm32cube.ide.mcu.externaltools.gnu-tools-for-stm32.13.3.rel1.win32_1.0.100.202509120712/tools/bin/../lib/gcc/arm-none-eabi/13.3.1/../../../../arm-none-eabi/lib/thumb/v7-m/nofp\libc_nano.a(libc_a-stdio.o)
[...]
Memory Configuration

Name             Origin             Length             Attributes
RAM              0x20000000         0x00010000         xrw
FLASH            0x08000000         0x00080000         xr
*default*        0x00000000         0xffffffff

Linker script and memory map

LOAD D:/stm32ide/STM32CubeIDE_2.0.0/STM32CubeIDE/plugins/com.st.stm32cube.ide.mcu.externaltools.gnu-tools-for-stm32.13.3.rel1.win32_1.0.100.202509120712/tools/bin/../lib/gcc/arm-none-eabi/13.3.1/thumb/v7-m/nofp/crti.o
LOAD D:/stm32ide/STM32CubeIDE_2.0.0/STM32CubeIDE/plugins/com.st.stm32cube.ide.mcu.externaltools.gnu-tools-for-stm32.13.3.rel1.win32_1.0.100.202509120712/tools/bin/../lib/gcc/arm-none-eabi/13.3.1/thumb/v7-m/nofp/crtbegin.o
LOAD D:/stm32ide/STM32CubeIDE_2.0.0/STM32CubeIDE/plugins/com.st.stm32cube.ide.mcu.externaltools.gnu-tools-for-stm32.13.3.rel1.win32_1.0.100.202509120712/tools/bin/../lib/gcc/arm-none-eabi/13.3.1/../../../../arm-none-eabi/lib/thumb/v7-m/nofp/crt0.o
LOAD ./Core/Src/adc.o
LOAD ./Core/Src/ads131m0x.o
LOAD ./Core/Src/dma.o
LOAD ./Core/Src/gpio.o
LOAD ./Core/Src/hal.o
LOAD ./Core/Src/main.o
LOAD ./Core/Src/queue.o
LOAD ./Core/Src/spi.o
LOAD ./Core/Src/stm32f1xx_hal_msp.o
LOAD ./Core/Src/stm32f1xx_it.o
LOAD ./Core/Src/syscalls.o
LOAD ./Core/Src/sysmem.o
LOAD ./Core/Src/system_stm32f1xx.o
LOAD ./Core/Src/tim.o
LOAD ./Core/Src/usart.o
LOAD ./Core/Startup/startup_stm32f103retx.o
LOAD ./Drivers/STM32F1xx_HAL_Driver/Src/stm32f1xx_hal.o
LOAD ./Drivers/STM32F1xx_HAL_Driver/Src/stm32f1xx_hal_adc.o
LOAD ./Drivers/STM32F1xx_HAL_Driver/Src/stm32f1xx_hal_adc_ex.o
LOAD ./Drivers/STM32F1xx_HAL_Driver/Src/stm32f1xx_hal_cortex.o
LOAD ./Drivers/STM32F1xx_HAL_Driver/Src/stm32f1xx_hal_dma.o
LOAD ./Drivers/STM32F1xx_HAL_Driver/Src/stm32f1xx_hal_exti.o
LOAD ./Drivers/STM32F1xx_HAL_Driver/Src/stm32f1xx_hal_flash.o
LOAD ./Drivers/STM32F1xx_HAL_Driver/Src/stm32f1xx_hal_flash_ex.o
LOAD ./Drivers/STM32F1xx_HAL_Driver/Src/stm32f1xx_hal_gpio.o
LOAD ./Drivers/STM32F1xx_HAL_Driver/Src/stm32f1xx_hal_gpio_ex.o
LOAD ./Drivers/STM32F1xx_HAL_Driver/Src/stm32f1xx_hal_pwr.o
LOAD ./Drivers/STM32F1xx_HAL_Driver/Src/stm32f1xx_hal_rcc.o
LOAD ./Drivers/STM32F1xx_HAL_Driver/Src/stm32f1xx_hal_rcc_ex.o
LOAD ./Drivers/STM32F1xx_HAL_Driver/Src/stm32f1xx_hal_spi.o
LOAD ./Drivers/STM32F1xx_HAL_Driver/Src/stm32f1xx_hal_tim.o
LOAD ./Drivers/STM32F1xx_HAL_Driver/Src/stm32f1xx_hal_tim_ex.o
LOAD ./Drivers/STM32F1xx_HAL_Driver/Src/stm32f1xx_hal_uart.o
START GROUP
LOAD D:/stm32ide/STM32CubeIDE_2.0.0/STM32CubeIDE/plugins/com.st.stm32cube.ide.mcu.externaltools.gnu-tools-for-stm32.13.3.rel1.win32_1.0.100.202509120712/tools/bin/../lib/gcc/arm-none-eabi/13.3.1/../../../../arm-none-eabi/lib/thumb/v7-m/nofp\libc_nano.a
LOAD D:/stm32ide/STM32CubeIDE_2.0.0/STM32CubeIDE/plugins/com.st.stm32cube.ide.mcu.externaltools.gnu-tools-for-stm32.13.3.rel1.win32_1.0.100.202509120712/tools/bin/../lib/gcc/arm-none-eabi/13.3.1/../../../../arm-none-eabi/lib/thumb/v7-m/nofp\libm.a
END GROUP
START GROUP
LOAD D:/stm32ide/STM32CubeIDE_2.0.0/STM32CubeIDE/plugins/com.st.stm32cube.ide.mcu.externaltools.gnu-tools-for-stm32.13.3.rel1.win32_1.0.100.202509120712/tools/bin/../lib/gcc/arm-none-eabi/13.3.1/thumb/v7-m/nofp\libgcc.a
LOAD D:/stm32ide/STM32CubeIDE_2.0.0/STM32CubeIDE/plugins/com.st.stm32cube.ide.mcu.externaltools.gnu-tools-for-stm32.13.3.rel1.win32_1.0.100.202509120712/tools/bin/../lib/gcc/arm-none-eabi/13.3.1/../../../../arm-none-eabi/lib/thumb/v7-m/nofp\libc_nano.a
END GROUP
START GROUP
LOAD D:/stm32ide/STM32CubeIDE_2.0.0/STM32CubeIDE/plugins/com.st.stm32cube.ide.mcu.externaltools.gnu-tools-for-stm32.13.3.rel1.win32_1.0.100.202509120712/tools/bin/../lib/gcc/arm-none-eabi/13.3.1/thumb/v7-m/nofp\libgcc.a
LOAD D:/stm32ide/STM32CubeIDE_2.0.0/STM32CubeIDE/plugins/com.st.stm32cube.ide.mcu.externaltools.gnu-tools-for-stm32.13.3.rel1.win32_1.0.100.202509120712/tools/bin/../lib/gcc/arm-none-eabi/13.3.1/../../../../arm-none-eabi/lib/thumb/v7-m/nofp\libc_nano.a
LOAD D:/stm32ide/STM32CubeIDE_2.0.0/STM32CubeIDE/plugins/com.st.stm32cube.ide.mcu.externaltools.gnu-tools-for-stm32.13.3.rel1.win32_1.0.100.202509120712/tools/bin/../lib/gcc/arm-none-eabi/13.3.1/../../../../arm-none-eabi/lib/thumb/v7-m/nofp\libnosys.a
END GROUP
START GROUP
LOAD D:/stm32ide/STM32CubeIDE_2.0.0/STM32CubeIDE/plugins/com.st.stm32cube.ide.mcu.externaltools.gnu-tools-for-stm32.13.3.rel1.win32_1.0.100.202509120712/tools/bin/../lib/gcc/arm-none-eabi/13.3.1/thumb/v7-m/nofp\libgcc.a
LOAD D:/stm32ide/STM32CubeIDE_2.0.0/STM32CubeIDE/plugins/com.st.stm32cube.ide.mcu.externaltools.gnu-tools-for-stm32.13.3.rel1.win32_1.0.100.202509120712/tools/bin/../lib/gcc/arm-none-eabi/13.3.1/../../../../arm-none-eabi/lib/thumb/v7-m/nofp\libc_nano.a
LOAD D:/stm32ide/STM32CubeIDE_2.0.0/STM32CubeIDE/plugins/com.st.stm32cube.ide.mcu.externaltools.gnu-tools-for-stm32.13.3.rel1.win32_1.0.100.202509120712/tools/bin/../lib/gcc/arm-none-eabi/13.3.1/../../../../arm-none-eabi/lib/thumb/v7-m/nofp\libnosys.a
END GROUP
LOAD D:/stm32ide/STM32CubeIDE_2.0.0/STM32CubeIDE/plugins/com.st.stm32cube.ide.mcu.externaltools.gnu-tools-for-stm32.13.3.rel1.win32_1.0.100.202509120712/tools/bin/../lib/gcc/arm-none-eabi/13.3.1/thumb/v7-m/nofp/crtend.o
LOAD D:/stm32ide/STM32CubeIDE_2.0.0/STM32CubeIDE/plugins/com.st.stm32cube.ide.mcu.externaltools.gnu-tools-for-stm32.13.3.rel1.win32_1.0.100.202509120712/tools/bin/../lib/gcc/arm-none-eabi/13.3.1/thumb/v7-m/nofp/crtn.o
                0x20010000                        _estack = (ORIGIN (RAM) + LENGTH (RAM))
                0x00000200                        _Min_Heap_Size = 0x200
                0x00000400                        _Min_Stack_Size = 0x400

.isr_vector     0x08000000      0x1e4
                0x08000000                        . = ALIGN (0x4)
 *(.isr_vector)
 .isr_vector    0x08000000      0x1e4 ./Core/Startup/startup_stm32f103retx.o
                0x08000000                g_pfnVectors
                0x080001e4                        . = ALIGN (0x4)

.text           0x080001e4     0x71d0
                0x080001e4                        . = ALIGN (0x4)
 *(.text)
 .text          0x080001e4       0x40 D:/stm32ide/STM32CubeIDE_2.0.0/STM32CubeIDE/plugins/com.st.stm32cube.ide.mcu.externaltools.gnu-tools-for-stm32.13.3.rel1.win32_1.0.100.202509120712/tools/bin/../lib/gcc/arm-none-eabi/13.3.1/thumb/v7-m/nofp/crtbegin.o
 *(.text*)
 .text.MX_ADC1_Init
                0x08000224       0x7c ./Core/Src/adc.o
                0x08000224                MX_ADC1_Init
 .text.HAL_ADC_MspInit
                0x080002a0       0xd8 ./Core/Src/adc.o
                0x080002a0                HAL_ADC_MspInit
 .text.getRegisterValue
                0x08000378       0x3c ./Core/Src/ads131m0x.o
                0x08000378                getRegisterValue
 .text.adcStartup
                0x080003b4      0x200 ./Core/Src/ads131m0x.o
                0x080003b4                adcStartup
 .text.readSingleRegister
                0x080005b4       0x90 ./Core/Src/ads131m0x.o
                0x080005b4                readSingleRegister
 .text.writeSingleRegister
                0x08000644       0xac ./Core/Src/ads131m0x.o
                0x08000644                writeSingleRegister
 .text.sendCommand
                0x080006f0      0x10c ./Core/Src/ads131m0x.o
                0x080006f0                sendCommand
 .text.restoreRegisterDefaults
                0x080007fc      0x178 ./Core/Src/ads131m0x.o
                0x080007fc                restoreRegisterDefaults
 .text.upperByte
                0x08000974       0x1e ./Core/Src/ads131m0x.o
                0x08000974                upperByte
 .text.lowerByte
                0x08000992       0x1a ./Core/Src/ads131m0x.o
                0x08000992                lowerByte
 .text.combineBytes
                0x080009ac       0x2e ./Core/Src/ads131m0x.o
                0x080009ac                combineBytes
 .text.buildSPIarray
                0x080009da       0xa0 ./Core/Src/ads131m0x.o
                0x080009da                buildSPIarray
 .text.enforce_selected_device_modes
                0x08000a7a       0x40 ./Core/Src/ads131m0x.o
                0x08000a7a                enforce_selected_device_modes
 *fill*         0x08000aba        0x2 
 .text.getWordByteLength
                0x08000abc       0x20 ./Core/Src/ads131m0x.o
                0x08000abc                getWordByteLength
 .text.MX_DMA_Init
                0x08000adc       0x84 ./Core/Src/dma.o
                0x08000adc                MX_DMA_Init
 .text.MX_GPIO_Init
                0x08000b60      0x170 ./Core/Src/gpio.o
                0x08000b60                MX_GPIO_Init
 .text.delay_ms
                0x08000cd0       0x16 ./Core/Src/hal.o
                0x08000cd0                delay_ms
 *fill*         0x08000ce6        0x2 
 .text.selectChip
                0x08000ce8       0x20 ./Core/Src/hal.o
                0x08000ce8                selectChip
 .text.setCS    0x08000d08       0x54 ./Core/Src/hal.o
                0x08000d08                setCS
 .text.setSYNC_RESET
                0x08000d5c       0x30 ./Core/Src/hal.o
                0x08000d5c                setSYNC_RESET
 .text.toggleSYNC
                0x08000d8c       0x28 ./Core/Src/hal.o
                0x08000d8c                toggleSYNC
 .text.toggleRESET
                0x08000db4       0x30 ./Core/Src/hal.o
                0x08000db4                toggleRESET
 .text.spiSendReceiveArrays
                0x08000de4       0x74 ./Core/Src/hal.o
                0x08000de4                spiSendReceiveArrays
 .text.spiSendReceiveByte
                0x08000e58       0x2c ./Core/Src/hal.o
                0x08000e58                spiSendReceiveByte
 .text.main     0x08000e84      0x1d8 ./Core/Src/main.o
                0x08000e84                main
 .text.SystemClock_Config
                0x0800105c       0xca ./Core/Src/main.o
                0x0800105c                SystemClock_Config
 *fill*         0x08001126        0x2 
 .text.read_all_adcs_and_enqueue_ch4_mix
                0x08001128      0x468 ./Core/Src/main.o
 .text.print_diag_to_usart2
                0x08001590      0x33c ./Core/Src/main.o
 .text.HAL_TIM_PeriodElapsedCallback
                0x080018cc       0x12 ./Core/Src/main.o
                0x080018cc                HAL_TIM_PeriodElapsedCallback
 *fill*         0x080018de        0x2 
 .text.HAL_GPIO_EXTI_Callback
                0x080018e0       0x28 ./Core/Src/main.o
                0x080018e0                HAL_GPIO_EXTI_Callback
 .text.HAL_UART_TxCpltCallback
                0x08001908       0x28 ./Core/Src/main.o
                0x08001908                HAL_UART_TxCpltCallback
 .text.Error_Handler
                0x08001930        0xc ./Core/Src/main.o
                0x08001930                Error_Handler
 .text.createQueue
                0x0800193c       0x54 ./Core/Src/queue.o
                0x0800193c                createQueue
 .text.isEmpty  0x08001990       0x20 ./Core/Src/queue.o
                0x08001990                isEmpty
 .text.isFull   0x080019b0       0x24 ./Core/Src/queue.o
                0x080019b0                isFull
 .text.enqueue  0x080019d4       0x60 ./Core/Src/queue.o
                0x080019d4                enqueue
 .text.dequeue  0x08001a34       0x98 ./Core/Src/queue.o
                0x08001a34                dequeue
 .text.MX_SPI2_Init
                0x08001acc       0x6c ./Core/Src/spi.o
                0x08001acc                MX_SPI2_Init
 .text.HAL_SPI_MspInit
                0x08001b38      0x158 ./Core/Src/spi.o
                0x08001b38                HAL_SPI_MspInit
 .text.HAL_MspInit
                0x08001c90       0x64 ./Core/Src/stm32f1xx_hal_msp.o
                0x08001c90                HAL_MspInit
 .text.NMI_Handler
                0x08001cf4        0x8 ./Core/Src/stm32f1xx_it.o
                0x08001cf4                NMI_Handler
 .text.HardFault_Handler
                0x08001cfc        0x8 ./Core/Src/stm32f1xx_it.o
                0x08001cfc                HardFault_Handler
 .text.MemManage_Handler
                0x08001d04        0x8 ./Core/Src/stm32f1xx_it.o
                0x08001d04                MemManage_Handler
 .text.BusFault_Handler
                0x08001d0c        0x8 ./Core/Src/stm32f1xx_it.o
                0x08001d0c                BusFault_Handler
 .text.UsageFault_Handler
                0x08001d14        0x8 ./Core/Src/stm32f1xx_it.o
                0x08001d14                UsageFault_Handler
 .text.SVC_Handler
                0x08001d1c        0xc ./Core/Src/stm32f1xx_it.o
                0x08001d1c                SVC_Handler
 .text.DebugMon_Handler
                0x08001d28        0xc ./Core/Src/stm32f1xx_it.o
                0x08001d28                DebugMon_Handler
 .text.PendSV_Handler
                0x08001d34        0xc ./Core/Src/stm32f1xx_it.o
                0x08001d34                PendSV_Handler
 .text.SysTick_Handler
                0x08001d40        0xc ./Core/Src/stm32f1xx_it.o
                0x08001d40                SysTick_Handler
 .text.DMA1_Channel4_IRQHandler
                0x08001d4c       0x14 ./Core/Src/stm32f1xx_it.o
                0x08001d4c                DMA1_Channel4_IRQHandler
 .text.DMA1_Channel5_IRQHandler
                0x08001d60       0x14 ./Core/Src/stm32f1xx_it.o
                0x08001d60                DMA1_Channel5_IRQHandler
 .text.DMA1_Channel7_IRQHandler
                0x08001d74       0x14 ./Core/Src/stm32f1xx_it.o
                0x08001d74                DMA1_Channel7_IRQHandler
 .text.TIM2_IRQHandler
                0x08001d88       0x14 ./Core/Src/stm32f1xx_it.o
                0x08001d88                TIM2_IRQHandler
 .text.SPI2_IRQHandler
                0x08001d9c       0x14 ./Core/Src/stm32f1xx_it.o
                0x08001d9c                SPI2_IRQHandler
 .text.USART2_IRQHandler
                0x08001db0       0x14 ./Core/Src/stm32f1xx_it.o
                0x08001db0                USART2_IRQHandler
 .text.EXTI15_10_IRQHandler
                0x08001dc4       0x10 ./Core/Src/stm32f1xx_it.o
                0x08001dc4                EXTI15_10_IRQHandler
 .text.UART4_IRQHandler
                0x08001dd4       0x14 ./Core/Src/stm32f1xx_it.o
                0x08001dd4                UART4_IRQHandler
 .text.DMA2_Channel4_5_IRQHandler
                0x08001de8       0x14 ./Core/Src/stm32f1xx_it.o
                0x08001de8                DMA2_Channel4_5_IRQHandler
 .text._getpid  0x08001dfc        0xe ./Core/Src/syscalls.o
                0x08001dfc                _getpid
 .text._kill    0x08001e0a       0x20 ./Core/Src/syscalls.o
                0x08001e0a                _kill
 .text._exit    0x08001e2a       0x16 ./Core/Src/syscalls.o
                0x08001e2a                _exit
 .text._read    0x08001e40       0x3a ./Core/Src/syscalls.o
                0x08001e40                _read
 .text._write   0x08001e7a       0x38 ./Core/Src/syscalls.o
                0x08001e7a                _write
 .text._close   0x08001eb2       0x16 ./Core/Src/syscalls.o
                0x08001eb2                _close
 .text._fstat   0x08001ec8       0x1e ./Core/Src/syscalls.o
                0x08001ec8                _fstat
 .text._isatty  0x08001ee6       0x14 ./Core/Src/syscalls.o
                0x08001ee6                _isatty
 .text._lseek   0x08001efa       0x18 ./Core/Src/syscalls.o
                0x08001efa                _lseek
 *fill*         0x08001f12        0x2 
 .text._sbrk    0x08001f14       0x6c ./Core/Src/sysmem.o
                0x08001f14                _sbrk
 .text.SystemInit
                0x08001f80        0xc ./Core/Src/system_stm32f1xx.o
                0x08001f80                SystemInit
 .text.MX_TIM2_Init
                0x08001f8c       0x9c ./Core/Src/tim.o
                0x08001f8c                MX_TIM2_Init
 .text.HAL_TIM_Base_MspInit
                0x08002028       0x48 ./Core/Src/tim.o
                0x08002028                HAL_TIM_Base_MspInit
 .text.MX_UART4_Init
                0x08002070       0x54 ./Core/Src/usart.o
                0x08002070                MX_UART4_Init
 .text.MX_USART2_UART_Init
                0x080020c4       0x54 ./Core/Src/usart.o
                0x080020c4                MX_USART2_UART_Init
 .text.HAL_UART_MspInit
                0x08002118      0x1d4 ./Core/Src/usart.o
                0x08002118                HAL_UART_MspInit
 .text.Reset_Handler
                0x080022ec       0x48 ./Core/Startup/startup_stm32f103retx.o
                0x080022ec                Reset_Handler
 .text.Default_Handler
                0x08002334        0x2 ./Core/Startup/startup_stm32f103retx.o
                0x08002334                RTC_Alarm_IRQHandler
                0x08002334                EXTI2_IRQHandler
                0x08002334                TIM8_TRG_COM_IRQHandler
                0x08002334                TIM8_CC_IRQHandler
                0x08002334                TIM1_CC_IRQHandler
                0x08002334                TIM6_IRQHandler
                0x08002334                PVD_IRQHandler
                0x08002334                SDIO_IRQHandler
                0x08002334                EXTI3_IRQHandler
                0x08002334                EXTI0_IRQHandler
                0x08002334                I2C2_EV_IRQHandler
                0x08002334                ADC1_2_IRQHandler
                0x08002334                SPI1_IRQHandler
                0x08002334                TAMPER_IRQHandler
                0x08002334                TIM8_UP_IRQHandler
                0x08002334                DMA2_Channel2_IRQHandler
                0x08002334                USART3_IRQHandler
                0x08002334                RTC_IRQHandler
                0x08002334                CAN1_RX1_IRQHandler
                0x08002334                UART5_IRQHandler
                0x08002334                ADC3_IRQHandler
                0x08002334                TIM4_IRQHandler
                0x08002334                DMA2_Channel1_IRQHandler
                0x08002334                I2C1_EV_IRQHandler
                0x08002334                DMA1_Channel6_IRQHandler
                0x08002334                TIM3_IRQHandler
                0x08002334                RCC_IRQHandler
                0x08002334                TIM1_TRG_COM_IRQHandler
                0x08002334                DMA1_Channel1_IRQHandler
                0x08002334                Default_Handler
                0x08002334                TIM7_IRQHandler
                0x08002334                TIM5_IRQHandler
                0x08002334                EXTI9_5_IRQHandler
                0x08002334                EXTI4_IRQHandler
                0x08002334                USB_LP_CAN1_RX0_IRQHandler
                0x08002334                USB_HP_CAN1_TX_IRQHandler
                0x08002334                DMA1_Channel3_IRQHandler
                0x08002334                FSMC_IRQHandler
                0x08002334                TIM1_UP_IRQHandler
                0x08002334                WWDG_IRQHandler
                0x08002334                TIM1_BRK_IRQHandler
                0x08002334                EXTI1_IRQHandler
                0x08002334                I2C2_ER_IRQHandler
                0x08002334                DMA1_Channel2_IRQHandler
                0x08002334                TIM8_BRK_IRQHandler
                0x08002334                CAN1_SCE_IRQHandler
                0x08002334                FLASH_IRQHandler
                0x08002334                USART1_IRQHandler
                0x08002334                SPI3_IRQHandler
                0x08002334                I2C1_ER_IRQHandler
                0x08002334                USBWakeUp_IRQHandler
                0x08002334                DMA2_Channel3_IRQHandler
 *fill*         0x08002336        0x2 
 .text.HAL_Init
                0x08002338       0x2c ./Drivers/STM32F1xx_HAL_Driver/Src/stm32f1xx_hal.o
                0x08002338                HAL_Init
 .text.HAL_InitTick
                0x08002364       0x60 ./Drivers/STM32F1xx_HAL_Driver/Src/stm32f1xx_hal.o
                0x08002364                HAL_InitTick
 .text.HAL_IncTick
                0x080023c4       0x24 ./Drivers/STM32F1xx_HAL_Driver/Src/stm32f1xx_hal.o
                0x080023c4                HAL_IncTick
 .text.HAL_GetTick
                0x080023e8       0x14 ./Drivers/STM32F1xx_HAL_Driver/Src/stm32f1xx_hal.o
                0x080023e8                HAL_GetTick
 .text.HAL_Delay
                0x080023fc       0x48 ./Drivers/STM32F1xx_HAL_Driver/Src/stm32f1xx_hal.o
                0x080023fc                HAL_Delay
 .text.HAL_ADC_Init
                0x08002444      0x1d4 ./Drivers/STM32F1xx_HAL_Driver/Src/stm32f1xx_hal_adc.o
                0x08002444                HAL_ADC_Init
 .text.HAL_ADC_ConfigChannel
                0x08002618      0x1f0 ./Drivers/STM32F1xx_HAL_Driver/Src/stm32f1xx_hal_adc.o
                0x08002618                HAL_ADC_ConfigChannel
 .text.ADC_ConversionStop_Disable
                0x08002808       0x82 ./Drivers/STM32F1xx_HAL_Driver/Src/stm32f1xx_hal_adc.o
                0x08002808                ADC_ConversionStop_Disable
 *fill*         0x0800288a        0x2 
 .text.__NVIC_SetPriorityGrouping
                0x0800288c       0x48 ./Drivers/STM32F1xx_HAL_Driver/Src/stm32f1xx_hal_cortex.o
 .text.__NVIC_GetPriorityGrouping
                0x080028d4       0x1c ./Drivers/STM32F1xx_HAL_Driver/Src/stm32f1xx_hal_cortex.o
 .text.__NVIC_EnableIRQ
                0x080028f0       0x38 ./Drivers/STM32F1xx_HAL_Driver/Src/stm32f1xx_hal_cortex.o
 .text.__NVIC_SetPriority
                0x08002928       0x54 ./Drivers/STM32F1xx_HAL_Driver/Src/stm32f1xx_hal_cortex.o
 .text.NVIC_EncodePriority
                0x0800297c       0x64 ./Drivers/STM32F1xx_HAL_Driver/Src/stm32f1xx_hal_cortex.o
 .text.SysTick_Config
                0x080029e0       0x44 ./Drivers/STM32F1xx_HAL_Driver/Src/stm32f1xx_hal_cortex.o
 .text.HAL_NVIC_SetPriorityGrouping
                0x08002a24       0x16 ./Drivers/STM32F1xx_HAL_Driver/Src/stm32f1xx_hal_cortex.o
                0x08002a24                HAL_NVIC_SetPriorityGrouping
 .text.HAL_NVIC_SetPriority
                0x08002a3a       0x38 ./Drivers/STM32F1xx_HAL_Driver/Src/stm32f1xx_hal_cortex.o
                0x08002a3a                HAL_NVIC_SetPriority
 .text.HAL_NVIC_EnableIRQ
                0x08002a72       0x1c ./Drivers/STM32F1xx_HAL_Driver/Src/stm32f1xx_hal_cortex.o
                0x08002a72                HAL_NVIC_EnableIRQ
 .text.HAL_SYSTICK_Config
                0x08002a8e       0x18 ./Drivers/STM32F1xx_HAL_Driver/Src/stm32f1xx_hal_cortex.o
                0x08002a8e                HAL_SYSTICK_Config
 *fill*         0x08002aa6        0x2 
 .text.HAL_DMA_Init
                0x08002aa8       0xec ./Drivers/STM32F1xx_HAL_Driver/Src/stm32f1xx_hal_dma.o
                0x08002aa8                HAL_DMA_Init
 .text.HAL_DMA_Start_IT
                0x08002b94       0xc0 ./Drivers/STM32F1xx_HAL_Driver/Src/stm32f1xx_hal_dma.o
                0x08002b94                HAL_DMA_Start_IT
 .text.HAL_DMA_Abort
                0x08002c54       0x76 ./Drivers/STM32F1xx_HAL_Driver/Src/stm32f1xx_hal_dma.o
                0x08002c54                HAL_DMA_Abort
 *fill*         0x08002cca        0x2 
 .text.HAL_DMA_Abort_IT
                0x08002ccc      0x210 ./Drivers/STM32F1xx_HAL_Driver/Src/stm32f1xx_hal_dma.o
                0x08002ccc                HAL_DMA_Abort_IT
 .text.HAL_DMA_IRQHandler
                0x08002edc      0x478 ./Drivers/STM32F1xx_HAL_Driver/Src/stm32f1xx_hal_dma.o
                0x08002edc                HAL_DMA_IRQHandler
 .text.DMA_SetConfig
                0x08003354       0x5a ./Drivers/STM32F1xx_HAL_Driver/Src/stm32f1xx_hal_dma.o
 *fill*         0x080033ae        0x2 
 .text.HAL_GPIO_Init
                0x080033b0      0x328 ./Drivers/STM32F1xx_HAL_Driver/Src/stm32f1xx_hal_gpio.o
                0x080033b0                HAL_GPIO_Init
 .text.HAL_GPIO_ReadPin
                0x080036d8       0x2e ./Drivers/STM32F1xx_HAL_Driver/Src/stm32f1xx_hal_gpio.o
                0x080036d8                HAL_GPIO_ReadPin
 .text.HAL_GPIO_WritePin
                0x08003706       0x30 ./Drivers/STM32F1xx_HAL_Driver/Src/stm32f1xx_hal_gpio.o
                0x08003706                HAL_GPIO_WritePin
 .text.HAL_GPIO_TogglePin
                0x08003736       0x32 ./Drivers/STM32F1xx_HAL_Driver/Src/stm32f1xx_hal_gpio.o
                0x08003736                HAL_GPIO_TogglePin
 .text.HAL_GPIO_EXTI_IRQHandler
                0x08003768       0x30 ./Drivers/STM32F1xx_HAL_Driver/Src/stm32f1xx_hal_gpio.o
                0x08003768                HAL_GPIO_EXTI_IRQHandler
 .text.HAL_RCC_OscConfig
                0x08003798      0x504 ./Drivers/STM32F1xx_HAL_Driver/Src/stm32f1xx_hal_rcc.o
                0x08003798                HAL_RCC_OscConfig
 .text.HAL_RCC_ClockConfig
                0x08003c9c      0x1d4 ./Drivers/STM32F1xx_HAL_Driver/Src/stm32f1xx_hal_rcc.o
                0x08003c9c                HAL_RCC_ClockConfig
 .text.HAL_RCC_MCOConfig
                0x08003e70       0x70 ./Drivers/STM32F1xx_HAL_Driver/Src/stm32f1xx_hal_rcc.o
                0x08003e70                HAL_RCC_MCOConfig
 .text.HAL_RCC_GetSysClockFreq
                0x08003ee0       0xa8 ./Drivers/STM32F1xx_HAL_Driver/Src/stm32f1xx_hal_rcc.o
                0x08003ee0                HAL_RCC_GetSysClockFreq
 .text.HAL_RCC_GetHCLKFreq
                0x08003f88       0x14 ./Drivers/STM32F1xx_HAL_Driver/Src/stm32f1xx_hal_rcc.o
                0x08003f88                HAL_RCC_GetHCLKFreq
 .text.HAL_RCC_GetPCLK1Freq
                0x08003f9c       0x28 ./Drivers/STM32F1xx_HAL_Driver/Src/stm32f1xx_hal_rcc.o
                0x08003f9c                HAL_RCC_GetPCLK1Freq
 .text.HAL_RCC_GetPCLK2Freq
                0x08003fc4       0x28 ./Drivers/STM32F1xx_HAL_Driver/Src/stm32f1xx_hal_rcc.o
                0x08003fc4                HAL_RCC_GetPCLK2Freq
 .text.RCC_Delay
                0x08003fec       0x3c ./Drivers/STM32F1xx_HAL_Driver/Src/stm32f1xx_hal_rcc.o
 .text.HAL_RCCEx_PeriphCLKConfig
                0x08004028      0x16c ./Drivers/STM32F1xx_HAL_Driver/Src/stm32f1xx_hal_rcc_ex.o
                0x08004028                HAL_RCCEx_PeriphCLKConfig
 .text.HAL_SPI_Init
                0x08004194      0x108 ./Drivers/STM32F1xx_HAL_Driver/Src/stm32f1xx_hal_spi.o
                0x08004194                HAL_SPI_Init
 .text.HAL_SPI_TransmitReceive
                0x0800429c      0x360 ./Drivers/STM32F1xx_HAL_Driver/Src/stm32f1xx_hal_spi.o
                0x0800429c                HAL_SPI_TransmitReceive
 .text.HAL_SPI_IRQHandler
                0x080045fc      0x1cc ./Drivers/STM32F1xx_HAL_Driver/Src/stm32f1xx_hal_spi.o
                0x080045fc                HAL_SPI_IRQHandler
 .text.HAL_SPI_ErrorCallback
                0x080047c8       0x12 ./Drivers/STM32F1xx_HAL_Driver/Src/stm32f1xx_hal_spi.o
                0x080047c8                HAL_SPI_ErrorCallback
 .text.SPI_DMAAbortOnError
                0x080047da       0x28 ./Drivers/STM32F1xx_HAL_Driver/Src/stm32f1xx_hal_spi.o
 *fill*         0x08004802        0x2 
 .text.SPI_WaitFlagStateUntilTimeout
                0x08004804      0x110 ./Drivers/STM32F1xx_HAL_Driver/Src/stm32f1xx_hal_spi.o
 .text.SPI_EndRxTxTransaction
                0x08004914       0x3c ./Drivers/STM32F1xx_HAL_Driver/Src/stm32f1xx_hal_spi.o
 .text.HAL_TIM_Base_Init
                0x08004950       0x9e ./Drivers/STM32F1xx_HAL_Driver/Src/stm32f1xx_hal_tim.o
                0x08004950                HAL_TIM_Base_Init
 *fill*         0x080049ee        0x2 
 .text.HAL_TIM_Base_Start_IT
                0x080049f0       0xc0 ./Drivers/STM32F1xx_HAL_Driver/Src/stm32f1xx_hal_tim.o
                0x080049f0                HAL_TIM_Base_Start_IT
 .text.HAL_TIM_IRQHandler
                0x08004ab0      0x210 ./Drivers/STM32F1xx_HAL_Driver/Src/stm32f1xx_hal_tim.o
                0x08004ab0                HAL_TIM_IRQHandler
 .text.HAL_TIM_ConfigClockSource
                0x08004cc0      0x18e ./Drivers/STM32F1xx_HAL_Driver/Src/stm32f1xx_hal_tim.o
                0x08004cc0                HAL_TIM_ConfigClockSource
 .text.HAL_TIM_OC_DelayElapsedCallback
                0x08004e4e       0x12 ./Drivers/STM32F1xx_HAL_Driver/Src/stm32f1xx_hal_tim.o
                0x08004e4e                HAL_TIM_OC_DelayElapsedCallback
 .text.HAL_TIM_IC_CaptureCallback
                0x08004e60       0x12 ./Drivers/STM32F1xx_HAL_Driver/Src/stm32f1xx_hal_tim.o
                0x08004e60                HAL_TIM_IC_CaptureCallback
 .text.HAL_TIM_PWM_PulseFinishedCallback
                0x08004e72       0x12 ./Drivers/STM32F1xx_HAL_Driver/Src/stm32f1xx_hal_tim.o
                0x08004e72                HAL_TIM_PWM_PulseFinishedCallback
 .text.HAL_TIM_TriggerCallback
                0x08004e84       0x12 ./Drivers/STM32F1xx_HAL_Driver/Src/stm32f1xx_hal_tim.o
                0x08004e84                HAL_TIM_TriggerCallback
 *fill*         0x08004e96        0x2 
 .text.TIM_Base_SetConfig
                0x08004e98       0xf4 ./Drivers/STM32F1xx_HAL_Driver/Src/stm32f1xx_hal_tim.o
                0x08004e98                TIM_Base_SetConfig
 .text.TIM_TI1_ConfigInputStage
                0x08004f8c       0x5c ./Drivers/STM32F1xx_HAL_Driver/Src/stm32f1xx_hal_tim.o
 .text.TIM_TI2_ConfigInputStage
                0x08004fe8       0x5e ./Drivers/STM32F1xx_HAL_Driver/Src/stm32f1xx_hal_tim.o
 .text.TIM_ITRx_SetConfig
                0x08005046       0x34 ./Drivers/STM32F1xx_HAL_Driver/Src/stm32f1xx_hal_tim.o
 .text.TIM_ETR_SetConfig
                0x0800507a       0x3e ./Drivers/STM32F1xx_HAL_Driver/Src/stm32f1xx_hal_tim.o
                0x0800507a                TIM_ETR_SetConfig
 .text.HAL_TIMEx_MasterConfigSynchronization
                0x080050b8       0xd8 ./Drivers/STM32F1xx_HAL_Driver/Src/stm32f1xx_hal_tim_ex.o
                0x080050b8                HAL_TIMEx_MasterConfigSynchronization
 .text.HAL_TIMEx_CommutCallback
                0x08005190       0x12 ./Drivers/STM32F1xx_HAL_Driver/Src/stm32f1xx_hal_tim_ex.o
                0x08005190                HAL_TIMEx_CommutCallback
 .text.HAL_TIMEx_BreakCallback
                0x080051a2       0x12 ./Drivers/STM32F1xx_HAL_Driver/Src/stm32f1xx_hal_tim_ex.o
                0x080051a2                HAL_TIMEx_BreakCallback
 .text.HAL_UART_Init
                0x080051b4       0xa0 ./Drivers/STM32F1xx_HAL_Driver/Src/stm32f1xx_hal_uart.o
                0x080051b4                HAL_UART_Init
 .text.HAL_UART_Transmit
                0x08005254      0x106 ./Drivers/STM32F1xx_HAL_Driver/Src/stm32f1xx_hal_uart.o
                0x08005254                HAL_UART_Transmit
 *fill*         0x0800535a        0x2 
 .text.HAL_UART_Transmit_DMA
                0x0800535c       0xe0 ./Drivers/STM32F1xx_HAL_Driver/Src/stm32f1xx_hal_uart.o
                0x0800535c                HAL_UART_Transmit_DMA
 .text.HAL_UART_IRQHandler
                0x0800543c      0x524 ./Drivers/STM32F1xx_HAL_Driver/Src/stm32f1xx_hal_uart.o
                0x0800543c                HAL_UART_IRQHandler
 .text.HAL_UART_TxHalfCpltCallback
                0x08005960       0x12 ./Drivers/STM32F1xx_HAL_Driver/Src/stm32f1xx_hal_uart.o
                0x08005960                HAL_UART_TxHalfCpltCallback
 .text.HAL_UART_RxCpltCallback
                0x08005972       0x12 ./Drivers/STM32F1xx_HAL_Driver/Src/stm32f1xx_hal_uart.o
                0x08005972                HAL_UART_RxCpltCallback
 .text.HAL_UART_ErrorCallback
                0x08005984       0x12 ./Drivers/STM32F1xx_HAL_Driver/Src/stm32f1xx_hal_uart.o
                0x08005984                HAL_UART_ErrorCallback
 .text.HAL_UARTEx_RxEventCallback
                0x08005996       0x16 ./Drivers/STM32F1xx_HAL_Driver/Src/stm32f1xx_hal_uart.o
                0x08005996                HAL_UARTEx_RxEventCallback
 .text.UART_DMATransmitCplt
                0x080059ac       0x9a ./Drivers/STM32F1xx_HAL_Driver/Src/stm32f1xx_hal_uart.o
 .text.UART_DMATxHalfCplt
                0x08005a46       0x1c ./Drivers/STM32F1xx_HAL_Driver/Src/stm32f1xx_hal_uart.o
 .text.UART_DMAError
                0x08005a62       0x94 ./Drivers/STM32F1xx_HAL_Driver/Src/stm32f1xx_hal_uart.o
 .text.UART_WaitOnFlagUntilTimeout
                0x08005af6       0xdc ./Drivers/STM32F1xx_HAL_Driver/Src/stm32f1xx_hal_uart.o
 .text.UART_EndTxTransfer
                0x08005bd2       0x4e ./Drivers/STM32F1xx_HAL_Driver/Src/stm32f1xx_hal_uart.o
 .text.UART_EndRxTransfer
                0x08005c20       0xc4 ./Drivers/STM32F1xx_HAL_Driver/Src/stm32f1xx_hal_uart.o
 .text.UART_DMAAbortOnError
                0x08005ce4       0x28 ./Drivers/STM32F1xx_HAL_Driver/Src/stm32f1xx_hal_uart.o
 .text.UART_Transmit_IT
                0x08005d0c       0x9e ./Drivers/STM32F1xx_HAL_Driver/Src/stm32f1xx_hal_uart.o
 .text.UART_EndTransmit_IT
                0x08005daa       0x30 ./Drivers/STM32F1xx_HAL_Driver/Src/stm32f1xx_hal_uart.o
 .text.UART_Receive_IT
                0x08005dda      0x17c ./Drivers/STM32F1xx_HAL_Driver/Src/stm32f1xx_hal_uart.o
 *fill*         0x08005f56        0x2 
 .text.UART_SetConfig
                0x08005f58      0x11c ./Drivers/STM32F1xx_HAL_Driver/Src/stm32f1xx_hal_uart.o
 .text.__assert_func
                0x08006074       0x3c D:/stm32ide/STM32CubeIDE_2.0.0/STM32CubeIDE/plugins/com.st.stm32cube.ide.mcu.externaltools.gnu-tools-for-stm32.13.3.rel1.win32_1.0.100.202509120712/tools/bin/../lib/gcc/arm-none-eabi/13.3.1/../../../../arm-none-eabi/lib/thumb/v7-m/nofp\libc_nano.a(libc_a-assert.o)
                0x08006074                __assert_func
 .text.malloc   0x080060b0       0x10 D:/stm32ide/STM32CubeIDE_2.0.0/STM32CubeIDE/plugins/com.st.stm32cube.ide.mcu.externaltools.gnu-tools-for-stm32.13.3.rel1.win32_1.0.100.202509120712/tools/bin/../lib/gcc/arm-none-eabi/13.3.1/../../../../arm-none-eabi/lib/thumb/v7-m/nofp\libc_nano.a(libc_a-malloc.o)
                0x080060b0                malloc
 .text.sbrk_aligned
                0x080060c0       0x44 D:/stm32ide/STM32CubeIDE_2.0.0/STM32CubeIDE/plugins/com.st.stm32cube.ide.mcu.externaltools.gnu-tools-for-stm32.13.3.rel1.win32_1.0.100.202509120712/tools/bin/../lib/gcc/arm-none-eabi/13.3.1/../../../../arm-none-eabi/lib/thumb/v7-m/nofp\libc_nano.a(libc_a-mallocr.o)
 .text._malloc_r
                0x08006104      0x100 D:/stm32ide/STM32CubeIDE_2.0.0/STM32CubeIDE/plugins/com.st.stm32cube.ide.mcu.externaltools.gnu-tools-for-stm32.13.3.rel1.win32_1.0.100.202509120712/tools/bin/../lib/gcc/arm-none-eabi/13.3.1/../../../../arm-none-eabi/lib/thumb/v7-m/nofp\libc_nano.a(libc_a-mallocr.o)
                0x08006104                _malloc_r
 .text.__malloc_lock
                0x08006204        0xc D:/stm32ide/STM32CubeIDE_2.0.0/STM32CubeIDE/plugins/com.st.stm32cube.ide.mcu.externaltools.gnu-tools-for-stm32.13.3.rel1.win32_1.0.100.202509120712/tools/bin/../lib/gcc/arm-none-eabi/13.3.1/../../../../arm-none-eabi/lib/thumb/v7-m/nofp\libc_nano.a(libc_a-mlock.o)
                0x08006204                __malloc_lock
 .text.__malloc_unlock
                0x08006210        0xc D:/stm32ide/STM32CubeIDE_2.0.0/STM32CubeIDE/plugins/com.st.stm32cube.ide.mcu.externaltools.gnu-tools-for-stm32.13.3.rel1.win32_1.0.100.202509120712/tools/bin/../lib/gcc/arm-none-eabi/13.3.1/../../../../arm-none-eabi/lib/thumb/v7-m/nofp\libc_nano.a(libc_a-mlock.o)
                0x08006210                __malloc_unlock
 .text.std      0x0800621c       0x6c D:/stm32ide/STM32CubeIDE_2.0.0/STM32CubeIDE/plugins/com.st.stm32cube.ide.mcu.externaltools.gnu-tools-for-stm32.13.3.rel1.win32_1.0.100.202509120712/tools/bin/../lib/gcc/arm-none-eabi/13.3.1/../../../../arm-none-eabi/lib/thumb/v7-m/nofp\libc_nano.a(libc_a-findfp.o)
 .text.stdio_exit_handler
                0x08006288       0x18 D:/stm32ide/STM32CubeIDE_2.0.0/STM32CubeIDE/plugins/com.st.stm32cube.ide.mcu.externaltools.gnu-tools-for-stm32.13.3.rel1.win32_1.0.100.202509120712/tools/bin/../lib/gcc/arm-none-eabi/13.3.1/../../../../arm-none-eabi/lib/thumb/v7-m/nofp\libc_nano.a(libc_a-findfp.o)
 .text.cleanup_stdio
                0x080062a0       0x40 D:/stm32ide/STM32CubeIDE_2.0.0/STM32CubeIDE/plugins/com.st.stm32cube.ide.mcu.externaltools.gnu-tools-for-stm32.13.3.rel1.win32_1.0.100.202509120712/tools/bin/../lib/gcc/arm-none-eabi/13.3.1/../../../../arm-none-eabi/lib/thumb/v7-m/nofp\libc_nano.a(libc_a-findfp.o)
 .text.global_stdio_init.part.0
                0x080062e0       0x3c D:/stm32ide/STM32CubeIDE_2.0.0/STM32CubeIDE/plugins/com.st.stm32cube.ide.mcu.externaltools.gnu-tools-for-stm32.13.3.rel1.win32_1.0.100.202509120712/tools/bin/../lib/gcc/arm-none-eabi/13.3.1/../../../../arm-none-eabi/lib/thumb/v7-m/nofp\libc_nano.a(libc_a-findfp.o)
 .text.__sfp_lock_acquire
                0x0800631c        0xc D:/stm32ide/STM32CubeIDE_2.0.0/STM32CubeIDE/plugins/com.st.stm32cube.ide.mcu.externaltools.gnu-tools-for-stm32.13.3.rel1.win32_1.0.100.202509120712/tools/bin/../lib/gcc/arm-none-eabi/13.3.1/../../../../arm-none-eabi/lib/thumb/v7-m/nofp\libc_nano.a(libc_a-findfp.o)
                0x0800631c                __sfp_lock_acquire
 .text.__sfp_lock_release
                0x08006328        0xc D:/stm32ide/STM32CubeIDE_2.0.0/STM32CubeIDE/plugins/com.st.stm32cube.ide.mcu.externaltools.gnu-tools-for-stm32.13.3.rel1.win32_1.0.100.202509120712/tools/bin/../lib/gcc/arm-none-eabi/13.3.1/../../../../arm-none-eabi/lib/thumb/v7-m/nofp\libc_nano.a(libc_a-findfp.o)
                0x08006328                __sfp_lock_release
 .text.__sinit  0x08006334       0x30 D:/stm32ide/STM32CubeIDE_2.0.0/STM32CubeIDE/plugins/com.st.stm32cube.ide.mcu.externaltools.gnu-tools-for-stm32.13.3.rel1.win32_1.0.100.202509120712/tools/bin/../lib/gcc/arm-none-eabi/13.3.1/../../../../arm-none-eabi/lib/thumb/v7-m/nofp\libc_nano.a(libc_a-findfp.o)
                0x08006334                __sinit
 .text.fprintf  0x08006364       0x24 D:/stm32ide/STM32CubeIDE_2.0.0/STM32CubeIDE/plugins/com.st.stm32cube.ide.mcu.externaltools.gnu-tools-for-stm32.13.3.rel1.win32_1.0.100.202509120712/tools/bin/../lib/gcc/arm-none-eabi/13.3.1/../../../../arm-none-eabi/lib/thumb/v7-m/nofp\libc_nano.a(libc_a-fprintf.o)
                0x08006364                fiprintf
                0x08006364                fprintf
 .text._fwalk_sglue
                0x08006388       0x3c D:/stm32ide/STM32CubeIDE_2.0.0/STM32CubeIDE/plugins/com.st.stm32cube.ide.mcu.externaltools.gnu-tools-for-stm32.13.3.rel1.win32_1.0.100.202509120712/tools/bin/../lib/gcc/arm-none-eabi/13.3.1/../../../../arm-none-eabi/lib/thumb/v7-m/nofp\libc_nano.a(libc_a-fwalk.o)
                0x08006388                _fwalk_sglue
 .text.snprintf
                0x080063c4       0x6c D:/stm32ide/STM32CubeIDE_2.0.0/STM32CubeIDE/plugins/com.st.stm32cube.ide.mcu.externaltools.gnu-tools-for-stm32.13.3.rel1.win32_1.0.100.202509120712/tools/bin/../lib/gcc/arm-none-eabi/13.3.1/../../../../arm-none-eabi/lib/thumb/v7-m/nofp\libc_nano.a(libc_a-snprintf.o)
                0x080063c4                sniprintf
                0x080063c4                snprintf
 .text.__sread  0x08006430       0x22 D:/stm32ide/STM32CubeIDE_2.0.0/STM32CubeIDE/plugins/com.st.stm32cube.ide.mcu.externaltools.gnu-tools-for-stm32.13.3.rel1.win32_1.0.100.202509120712/tools/bin/../lib/gcc/arm-none-eabi/13.3.1/../../../../arm-none-eabi/lib/thumb/v7-m/nofp\libc_nano.a(libc_a-stdio.o)
                0x08006430                __sread
 .text.__swrite
                0x08006452       0x38 D:/stm32ide/STM32CubeIDE_2.0.0/STM32CubeIDE/plugins/com.st.stm32cube.ide.mcu.externaltools.gnu-tools-for-stm32.13.3.rel1.win32_1.0.100.202509120712/tools/bin/../lib/gcc/arm-none-eabi/13.3.1/../../../../arm-none-eabi/lib/thumb/v7-m/nofp\libc_nano.a(libc_a-stdio.o)
                0x08006452                __swrite
 .text.__sseek  0x0800648a       0x24 D:/stm32ide/STM32CubeIDE_2.0.0/STM32CubeIDE/plugins/com.st.stm32cube.ide.mcu.externaltools.gnu-tools-for-stm32.13.3.rel1.win32_1.0.100.202509120712/tools/bin/../lib/gcc/arm-none-eabi/13.3.1/../../../../arm-none-eabi/lib/thumb/v7-m/nofp\libc_nano.a(libc_a-stdio.o)
                0x0800648a                __sseek
 .text.__sclose
                0x080064ae        0x8 D:/stm32ide/STM32CubeIDE_2.0.0/STM32CubeIDE/plugins/com.st.stm32cube.ide.mcu.externaltools.gnu-tools-for-stm32.13.3.rel1.win32_1.0.100.202509120712/tools/bin/../lib/gcc/arm-none-eabi/13.3.1/../../../../arm-none-eabi/lib/thumb/v7-m/nofp\libc_nano.a(libc_a-stdio.o)
                0x080064ae                __sclose
 .text.memset   0x080064b6       0x10 D:/stm32ide/STM32CubeIDE_2.0.0/STM32CubeIDE/plugins/com.st.stm32cube.ide.mcu.externaltools.gnu-tools-for-stm32.13.3.rel1.win32_1.0.100.202509120712/tools/bin/../lib/gcc/arm-none-eabi/13.3.1/../../../../arm-none-eabi/lib/thumb/v7-m/nofp\libc_nano.a(libc_a-memset.o)
                0x080064b6                memset
 *fill*         0x080064c6        0x2 
 .text._close_r
                0x080064c8       0x20 D:/stm32ide/STM32CubeIDE_2.0.0/STM32CubeIDE/plugins/com.st.stm32cube.ide.mcu.externaltools.gnu-tools-for-stm32.13.3.rel1.win32_1.0.100.202509120712/tools/bin/../lib/gcc/arm-none-eabi/13.3.1/../../../../arm-none-eabi/lib/thumb/v7-m/nofp\libc_nano.a(libc_a-closer.o)
                0x080064c8                _close_r
 .text._lseek_r
                0x080064e8       0x24 D:/stm32ide/STM32CubeIDE_2.0.0/STM32CubeIDE/plugins/com.st.stm32cube.ide.mcu.externaltools.gnu-tools-for-stm32.13.3.rel1.win32_1.0.100.202509120712/tools/bin/../lib/gcc/arm-none-eabi/13.3.1/../../../../arm-none-eabi/lib/thumb/v7-m/nofp\libc_nano.a(libc_a-lseekr.o)
                0x080064e8                _lseek_r
 .text._read_r  0x0800650c       0x24 D:/stm32ide/STM32CubeIDE_2.0.0/STM32CubeIDE/plugins/com.st.stm32cube.ide.mcu.externaltools.gnu-tools-for-stm32.13.3.rel1.win32_1.0.100.202509120712/tools/bin/../lib/gcc/arm-none-eabi/13.3.1/../../../../arm-none-eabi/lib/thumb/v7-m/nofp\libc_nano.a(libc_a-readr.o)
                0x0800650c                _read_r
 .text._sbrk_r  0x08006530       0x20 D:/stm32ide/STM32CubeIDE_2.0.0/STM32CubeIDE/plugins/com.st.stm32cube.ide.mcu.externaltools.gnu-tools-for-stm32.13.3.rel1.win32_1.0.100.202509120712/tools/bin/../lib/gcc/arm-none-eabi/13.3.1/../../../../arm-none-eabi/lib/thumb/v7-m/nofp\libc_nano.a(libc_a-sbrkr.o)
                0x08006530                _sbrk_r
 .text._write_r
                0x08006550       0x24 D:/stm32ide/STM32CubeIDE_2.0.0/STM32CubeIDE/plugins/com.st.stm32cube.ide.mcu.externaltools.gnu-tools-for-stm32.13.3.rel1.win32_1.0.100.202509120712/tools/bin/../lib/gcc/arm-none-eabi/13.3.1/../../../../arm-none-eabi/lib/thumb/v7-m/nofp\libc_nano.a(libc_a-writer.o)
                0x08006550                _write_r
 .text.__errno  0x08006574        0xc D:/stm32ide/STM32CubeIDE_2.0.0/STM32CubeIDE/plugins/com.st.stm32cube.ide.mcu.externaltools.gnu-tools-for-stm32.13.3.rel1.win32_1.0.100.202509120712/tools/bin/../lib/gcc/arm-none-eabi/13.3.1/../../../../arm-none-eabi/lib/thumb/v7-m/nofp\libc_nano.a(libc_a-errno.o)
                0x08006574                __errno
 .text.__libc_init_array
                0x08006580       0x48 D:/stm32ide/STM32CubeIDE_2.0.0/STM32CubeIDE/plugins/com.st.stm32cube.ide.mcu.externaltools.gnu-tools-for-stm32.13.3.rel1.win32_1.0.100.202509120712/tools/bin/../lib/gcc/arm-none-eabi/13.3.1/../../../../arm-none-eabi/lib/thumb/v7-m/nofp\libc_nano.a(libc_a-init.o)
                0x08006580                __libc_init_array
 .text.__retarget_lock_init_recursive
                0x080065c8        0x2 D:/stm32ide/STM32CubeIDE_2.0.0/STM32CubeIDE/plugins/com.st.stm32cube.ide.mcu.externaltools.gnu-tools-for-stm32.13.3.rel1.win32_1.0.100.202509120712/tools/bin/../lib/gcc/arm-none-eabi/13.3.1/../../../../arm-none-eabi/lib/thumb/v7-m/nofp\libc_nano.a(libc_a-lock.o)
                0x080065c8                __retarget_lock_init_recursive
 .text.__retarget_lock_acquire_recursive
                0x080065ca        0x2 D:/stm32ide/STM32CubeIDE_2.0.0/STM32CubeIDE/plugins/com.st.stm32cube.ide.mcu.externaltools.gnu-tools-for-stm32.13.3.rel1.win32_1.0.100.202509120712/tools/bin/../lib/gcc/arm-none-eabi/13.3.1/../../../../arm-none-eabi/lib/thumb/v7-m/nofp\libc_nano.a(libc_a-lock.o)
                0x080065ca                __retarget_lock_acquire_recursive
 .text.__retarget_lock_release_recursive
                0x080065cc        0x2 D:/stm32ide/STM32CubeIDE_2.0.0/STM32CubeIDE/plugins/com.st.stm32cube.ide.mcu.externaltools.gnu-tools-for-stm32.13.3.rel1.win32_1.0.100.202509120712/tools/bin/../lib/gcc/arm-none-eabi/13.3.1/../../../../arm-none-eabi/lib/thumb/v7-m/nofp\libc_nano.a(libc_a-lock.o)
                0x080065cc                __retarget_lock_release_recursive
 .text.memcpy   0x080065ce       0x1c D:/stm32ide/STM32CubeIDE_2.0.0/STM32CubeIDE/plugins/com.st.stm32cube.ide.mcu.externaltools.gnu-tools-for-stm32.13.3.rel1.win32_1.0.100.202509120712/tools/bin/../lib/gcc/arm-none-eabi/13.3.1/../../../../arm-none-eabi/lib/thumb/v7-m/nofp\libc_nano.a(libc_a-memcpy-stub.o)
                0x080065ce                memcpy
 .text.abort    0x080065ea        0xe D:/stm32ide/STM32CubeIDE_2.0.0/STM32CubeIDE/plugins/com.st.stm32cube.ide.mcu.externaltools.gnu-tools-for-stm32.13.3.rel1.win32_1.0.100.202509120712/tools/bin/../lib/gcc/arm-none-eabi/13.3.1/../../../../arm-none-eabi/lib/thumb/v7-m/nofp\libc_nano.a(libc_a-abort.o)
                0x080065ea                abort
 .text._free_r  0x080065f8       0x90 D:/stm32ide/STM32CubeIDE_2.0.0/STM32CubeIDE/plugins/com.st.stm32cube.ide.mcu.externaltools.gnu-tools-for-stm32.13.3.rel1.win32_1.0.100.202509120712/tools/bin/../lib/gcc/arm-none-eabi/13.3.1/../../../../arm-none-eabi/lib/thumb/v7-m/nofp\libc_nano.a(libc_a-freer.o)
                0x080065f8                _free_r
 .text.__ssputs_r
                0x08006688       0xb6 D:/stm32ide/STM32CubeIDE_2.0.0/STM32CubeIDE/plugins/com.st.stm32cube.ide.mcu.externaltools.gnu-tools-for-stm32.13.3.rel1.win32_1.0.100.202509120712/tools/bin/../lib/gcc/arm-none-eabi/13.3.1/../../../../arm-none-eabi/lib/thumb/v7-m/nofp\libc_nano.a(libc_a-nano-svfprintf.o)
                0x08006688                __ssputs_r
 *fill*         0x0800673e        0x2 
 .text._svfprintf_r
                0x08006740      0x1f8 D:/stm32ide/STM32CubeIDE_2.0.0/STM32CubeIDE/plugins/com.st.stm32cube.ide.mcu.externaltools.gnu-tools-for-stm32.13.3.rel1.win32_1.0.100.202509120712/tools/bin/../lib/gcc/arm-none-eabi/13.3.1/../../../../arm-none-eabi/lib/thumb/v7-m/nofp\libc_nano.a(libc_a-nano-svfprintf.o)
                0x08006740                _svfiprintf_r
                0x08006740                _svfprintf_r
 .text.__sfputc_r
                0x08006938       0x2a D:/stm32ide/STM32CubeIDE_2.0.0/STM32CubeIDE/plugins/com.st.stm32cube.ide.mcu.externaltools.gnu-tools-for-stm32.13.3.rel1.win32_1.0.100.202509120712/tools/bin/../lib/gcc/arm-none-eabi/13.3.1/../../../../arm-none-eabi/lib/thumb/v7-m/nofp\libc_nano.a(libc_a-nano-vfprintf.o)
 .text.__sfputs_r
                0x08006962       0x24 D:/stm32ide/STM32CubeIDE_2.0.0/STM32CubeIDE/plugins/com.st.stm32cube.ide.mcu.externaltools.gnu-tools-for-stm32.13.3.rel1.win32_1.0.100.202509120712/tools/bin/../lib/gcc/arm-none-eabi/13.3.1/../../../../arm-none-eabi/lib/thumb/v7-m/nofp\libc_nano.a(libc_a-nano-vfprintf.o)
                0x08006962                __sfputs_r
 *fill*         0x08006986        0x2 
 .text._vfprintf_r
                0x08006988      0x230 D:/stm32ide/STM32CubeIDE_2.0.0/STM32CubeIDE/plugins/com.st.stm32cube.ide.mcu.externaltools.gnu-tools-for-stm32.13.3.rel1.win32_1.0.100.202509120712/tools/bin/../lib/gcc/arm-none-eabi/13.3.1/../../../../arm-none-eabi/lib/thumb/v7-m/nofp\libc_nano.a(libc_a-nano-vfprintf.o)
                0x08006988                _vfprintf_r
                0x08006988                _vfiprintf_r
 .text._printf_common
                0x08006bb8       0xe4 D:/stm32ide/STM32CubeIDE_2.0.0/STM32CubeIDE/plugins/com.st.stm32cube.ide.mcu.externaltools.gnu-tools-for-stm32.13.3.rel1.win32_1.0.100.202509120712/tools/bin/../lib/gcc/arm-none-eabi/13.3.1/../../../../arm-none-eabi/lib/thumb/v7-m/nofp\libc_nano.a(libc_a-nano-vfprintf_i.o)
                0x08006bb8                _printf_common
 .text._printf_i
                0x08006c9c      0x23c D:/stm32ide/STM32CubeIDE_2.0.0/STM32CubeIDE/plugins/com.st.stm32cube.ide.mcu.externaltools.gnu-tools-for-stm32.13.3.rel1.win32_1.0.100.202509120712/tools/bin/../lib/gcc/arm-none-eabi/13.3.1/../../../../arm-none-eabi/lib/thumb/v7-m/nofp\libc_nano.a(libc_a-nano-vfprintf_i.o)
                0x08006c9c                _printf_i
 .text.__sflush_r
                0x08006ed8      0x100 D:/stm32ide/STM32CubeIDE_2.0.0/STM32CubeIDE/plugins/com.st.stm32cube.ide.mcu.externaltools.gnu-tools-for-stm32.13.3.rel1.win32_1.0.100.202509120712/tools/bin/../lib/gcc/arm-none-eabi/13.3.1/../../../../arm-none-eabi/lib/thumb/v7-m/nofp\libc_nano.a(libc_a-fflush.o)
                0x08006ed8                __sflush_r
 .text._fflush_r
                0x08006fd8       0x50 D:/stm32ide/STM32CubeIDE_2.0.0/STM32CubeIDE/plugins/com.st.stm32cube.ide.mcu.externaltools.gnu-tools-for-stm32.13.3.rel1.win32_1.0.100.202509120712/tools/bin/../lib/gcc/arm-none-eabi/13.3.1/../../../../arm-none-eabi/lib/thumb/v7-m/nofp\libc_nano.a(libc_a-fflush.o)
                0x08006fd8                _fflush_r
 .text.__swbuf_r
                0x08007028       0x7c D:/stm32ide/STM32CubeIDE_2.0.0/STM32CubeIDE/plugins/com.st.stm32cube.ide.mcu.externaltools.gnu-tools-for-stm32.13.3.rel1.win32_1.0.100.202509120712/tools/bin/../lib/gcc/arm-none-eabi/13.3.1/../../../../arm-none-eabi/lib/thumb/v7-m/nofp\libc_nano.a(libc_a-wbuf.o)
                0x08007028                __swbuf_r
 .text.__swsetup_r
                0x080070a4       0xac D:/stm32ide/STM32CubeIDE_2.0.0/STM32CubeIDE/plugins/com.st.stm32cube.ide.mcu.externaltools.gnu-tools-for-stm32.13.3.rel1.win32_1.0.100.202509120712/tools/bin/../lib/gcc/arm-none-eabi/13.3.1/../../../../arm-none-eabi/lib/thumb/v7-m/nofp\libc_nano.a(libc_a-wsetup.o)
                0x080070a4                __swsetup_r
 .text.memmove  0x08007150       0x34 D:/stm32ide/STM32CubeIDE_2.0.0/STM32CubeIDE/plugins/com.st.stm32cube.ide.mcu.externaltools.gnu-tools-for-stm32.13.3.rel1.win32_1.0.100.202509120712/tools/bin/../lib/gcc/arm-none-eabi/13.3.1/../../../../arm-none-eabi/lib/thumb/v7-m/nofp\libc_nano.a(libc_a-memmove.o)
                0x08007150                memmove
 .text._raise_r
                0x08007184       0x50 D:/stm32ide/STM32CubeIDE_2.0.0/STM32CubeIDE/plugins/com.st.stm32cube.ide.mcu.externaltools.gnu-tools-for-stm32.13.3.rel1.win32_1.0.100.202509120712/tools/bin/../lib/gcc/arm-none-eabi/13.3.1/../../../../arm-none-eabi/lib/thumb/v7-m/nofp\libc_nano.a(libc_a-signal.o)
                0x08007184                _raise_r
 .text.raise    0x080071d4       0x10 D:/stm32ide/STM32CubeIDE_2.0.0/STM32CubeIDE/plugins/com.st.stm32cube.ide.mcu.externaltools.gnu-tools-for-stm32.13.3.rel1.win32_1.0.100.202509120712/tools/bin/../lib/gcc/arm-none-eabi/13.3.1/../../../../arm-none-eabi/lib/thumb/v7-m/nofp\libc_nano.a(libc_a-signal.o)
                0x080071d4                raise
 .text._kill_r  0x080071e4       0x24 D:/stm32ide/STM32CubeIDE_2.0.0/STM32CubeIDE/plugins/com.st.stm32cube.ide.mcu.externaltools.gnu-tools-for-stm32.13.3.rel1.win32_1.0.100.202509120712/tools/bin/../lib/gcc/arm-none-eabi/13.3.1/../../../../arm-none-eabi/lib/thumb/v7-m/nofp\libc_nano.a(libc_a-signalr.o)
                0x080071e4                _kill_r
 .text._getpid_r
                0x08007208        0x4 D:/stm32ide/STM32CubeIDE_2.0.0/STM32CubeIDE/plugins/com.st.stm32cube.ide.mcu.externaltools.gnu-tools-for-stm32.13.3.rel1.win32_1.0.100.202509120712/tools/bin/../lib/gcc/arm-none-eabi/13.3.1/../../../../arm-none-eabi/lib/thumb/v7-m/nofp\libc_nano.a(libc_a-signalr.o)
                0x08007208                _getpid_r
 .text.memchr   0x0800720c       0x1c D:/stm32ide/STM32CubeIDE_2.0.0/STM32CubeIDE/plugins/com.st.stm32cube.ide.mcu.externaltools.gnu-tools-for-stm32.13.3.rel1.win32_1.0.100.202509120712/tools/bin/../lib/gcc/arm-none-eabi/13.3.1/../../../../arm-none-eabi/lib/thumb/v7-m/nofp\libc_nano.a(libc_a-memchr-stub.o)
                0x0800720c                memchr
 .text._realloc_r
                0x08007228       0x5c D:/stm32ide/STM32CubeIDE_2.0.0/STM32CubeIDE/plugins/com.st.stm32cube.ide.mcu.externaltools.gnu-tools-for-stm32.13.3.rel1.win32_1.0.100.202509120712/tools/bin/../lib/gcc/arm-none-eabi/13.3.1/../../../../arm-none-eabi/lib/thumb/v7-m/nofp\libc_nano.a(libc_a-reallocr.o)
                0x08007228                _realloc_r
 .text.__swhatbuf_r
                0x08007284       0x4a D:/stm32ide/STM32CubeIDE_2.0.0/STM32CubeIDE/plugins/com.st.stm32cube.ide.mcu.externaltools.gnu-tools-for-stm32.13.3.rel1.win32_1.0.100.202509120712/tools/bin/../lib/gcc/arm-none-eabi/13.3.1/../../../../arm-none-eabi/lib/thumb/v7-m/nofp\libc_nano.a(libc_a-makebuf.o)
                0x08007284                __swhatbuf_r
 .text.__smakebuf_r
                0x080072ce       0x78 D:/stm32ide/STM32CubeIDE_2.0.0/STM32CubeIDE/plugins/com.st.stm32cube.ide.mcu.externaltools.gnu-tools-for-stm32.13.3.rel1.win32_1.0.100.202509120712/tools/bin/../lib/gcc/arm-none-eabi/13.3.1/../../../../arm-none-eabi/lib/thumb/v7-m/nofp\libc_nano.a(libc_a-makebuf.o)
                0x080072ce                __smakebuf_r
 *fill*         0x08007346        0x2 
 .text._fstat_r
                0x08007348       0x24 D:/stm32ide/STM32CubeIDE_2.0.0/STM32CubeIDE/plugins/com.st.stm32cube.ide.mcu.externaltools.gnu-tools-for-stm32.13.3.rel1.win32_1.0.100.202509120712/tools/bin/../lib/gcc/arm-none-eabi/13.3.1/../../../../arm-none-eabi/lib/thumb/v7-m/nofp\libc_nano.a(libc_a-fstatr.o)
                0x08007348                _fstat_r
 .text._isatty_r
                0x0800736c       0x20 D:/stm32ide/STM32CubeIDE_2.0.0/STM32CubeIDE/plugins/com.st.stm32cube.ide.mcu.externaltools.gnu-tools-for-stm32.13.3.rel1.win32_1.0.100.202509120712/tools/bin/../lib/gcc/arm-none-eabi/13.3.1/../../../../arm-none-eabi/lib/thumb/v7-m/nofp\libc_nano.a(libc_a-isattyr.o)
                0x0800736c                _isatty_r
 .text._malloc_usable_size_r
                0x0800738c       0x10 D:/stm32ide/STM32CubeIDE_2.0.0/STM32CubeIDE/plugins/com.st.stm32cube.ide.mcu.externaltools.gnu-tools-for-stm32.13.3.rel1.win32_1.0.100.202509120712/tools/bin/../lib/gcc/arm-none-eabi/13.3.1/../../../../arm-none-eabi/lib/thumb/v7-m/nofp\libc_nano.a(libc_a-msizer.o)
                0x0800738c                _malloc_usable_size_r
 *(.glue_7)
 .glue_7        0x0800739c        0x0 linker stubs
 *(.glue_7t)
 .glue_7t       0x0800739c        0x0 linker stubs
 *(.eh_frame)
 .eh_frame      0x0800739c        0x0 D:/stm32ide/STM32CubeIDE_2.0.0/STM32CubeIDE/plugins/com.st.stm32cube.ide.mcu.externaltools.gnu-tools-for-stm32.13.3.rel1.win32_1.0.100.202509120712/tools/bin/../lib/gcc/arm-none-eabi/13.3.1/thumb/v7-m/nofp/crtbegin.o
 *(.init)
 .init          0x0800739c        0x4 D:/stm32ide/STM32CubeIDE_2.0.0/STM32CubeIDE/plugins/com.st.stm32cube.ide.mcu.externaltools.gnu-tools-for-stm32.13.3.rel1.win32_1.0.100.202509120712/tools/bin/../lib/gcc/arm-none-eabi/13.3.1/thumb/v7-m/nofp/crti.o
                0x0800739c                _init
 .init          0x080073a0        0x8 D:/stm32ide/STM32CubeIDE_2.0.0/STM32CubeIDE/plugins/com.st.stm32cube.ide.mcu.externaltools.gnu-tools-for-stm32.13.3.rel1.win32_1.0.100.202509120712/tools/bin/../lib/gcc/arm-none-eabi/13.3.1/thumb/v7-m/nofp/crtn.o
 *(.fini)
 .fini          0x080073a8        0x4 D:/stm32ide/STM32CubeIDE_2.0.0/STM32CubeIDE/plugins/com.st.stm32cube.ide.mcu.externaltools.gnu-tools-for-stm32.13.3.rel1.win32_1.0.100.202509120712/tools/bin/../lib/gcc/arm-none-eabi/13.3.1/thumb/v7-m/nofp/crti.o
                0x080073a8                _fini
 .fini          0x080073ac        0x8 D:/stm32ide/STM32CubeIDE_2.0.0/STM32CubeIDE/plugins/com.st.stm32cube.ide.mcu.externaltools.gnu-tools-for-stm32.13.3.rel1.win32_1.0.100.202509120712/tools/bin/../lib/gcc/arm-none-eabi/13.3.1/thumb/v7-m/nofp/crtn.o
                0x080073b4                        . = ALIGN (0x4)
                0x080073b4                        _etext = .

.vfp11_veneer   0x080073b4        0x0
 .vfp11_veneer  0x080073b4        0x0 linker stubs

.v4_bx          0x080073b4        0x0
 .v4_bx         0x080073b4        0x0 linker stubs

.iplt           0x080073b4        0x0
 .iplt          0x080073b4        0x0 D:/stm32ide/STM32CubeIDE_2.0.0/STM32CubeIDE/plugins/com.st.stm32cube.ide.mcu.externaltools.gnu-tools-for-stm32.13.3.rel1.win32_1.0.100.202509120712/tools/bin/../lib/gcc/arm-none-eabi/13.3.1/thumb/v7-m/nofp/crtbegin.o

.rodata         0x080073b4      0x2e0
                0x080073b4                        . = ALIGN (0x4)
 *(.rodata)
 .rodata        0x080073b4       0xba ./Core/Src/ads131m0x.o
 *fill*         0x0800746e        0x2 
 .rodata        0x08007470       0x26 ./Core/Src/hal.o
 *fill*         0x08007496        0x2 
 .rodata        0x08007498       0xf7 ./Core/Src/main.o
 *(.rodata*)
 *fill*         0x0800758f        0x1 
 .rodata.wlength_byte_values
                0x08007590        0x4 ./Core/Src/ads131m0x.o
 .rodata.__func__.4
                0x08007594       0x11 ./Core/Src/ads131m0x.o
 *fill*         0x080075a5        0x3 
 .rodata.__func__.3
                0x080075a8       0x13 ./Core/Src/ads131m0x.o
 *fill*         0x080075bb        0x1 
 .rodata.__func__.2
                0x080075bc       0x14 ./Core/Src/ads131m0x.o
 .rodata.__func__.1
                0x080075d0        0xc ./Core/Src/ads131m0x.o
 .rodata.__func__.0
                0x080075dc       0x15 ./Core/Src/hal.o
 *fill*         0x080075f1        0x3 
 .rodata.eol.0  0x080075f4        0x3 ./Core/Src/main.o
 *fill*         0x080075f7        0x1 
 .rodata.AHBPrescTable
                0x080075f8       0x10 ./Core/Src/system_stm32f1xx.o
                0x080075f8                AHBPrescTable
 .rodata.APBPrescTable
                0x08007608        0x8 ./Core/Src/system_stm32f1xx.o
                0x08007608                APBPrescTable
 .rodata.aPLLMULFactorTable.1
                0x08007610       0x10 ./Drivers/STM32F1xx_HAL_Driver/Src/stm32f1xx_hal_rcc.o
 .rodata.aPredivFactorTable.0
                0x08007620        0x2 ./Drivers/STM32F1xx_HAL_Driver/Src/stm32f1xx_hal_rcc.o
 .rodata.__assert_func.str1.1
                0x08007622       0x6f D:/stm32ide/STM32CubeIDE_2.0.0/STM32CubeIDE/plugins/com.st.stm32cube.ide.mcu.externaltools.gnu-tools-for-stm32.13.3.rel1.win32_1.0.100.202509120712/tools/bin/../lib/gcc/arm-none-eabi/13.3.1/../../../../arm-none-eabi/lib/thumb/v7-m/nofp\libc_nano.a(libc_a-assert.o)
                                 0x3d (size before relaxing)
 .rodata._svfprintf_r.str1.1
                0x08007691        0x0 D:/stm32ide/STM32CubeIDE_2.0.0/STM32CubeIDE/plugins/com.st.stm32cube.ide.mcu.externaltools.gnu-tools-for-stm32.13.3.rel1.win32_1.0.100.202509120712/tools/bin/../lib/gcc/arm-none-eabi/13.3.1/../../../../arm-none-eabi/lib/thumb/v7-m/nofp\libc_nano.a(libc_a-nano-svfprintf.o)
                                 0x11 (size before relaxing)
 .rodata._vfprintf_r.str1.1
                0x08007691        0x0 D:/stm32ide/STM32CubeIDE_2.0.0/STM32CubeIDE/plugins/com.st.stm32cube.ide.mcu.externaltools.gnu-tools-for-stm32.13.3.rel1.win32_1.0.100.202509120712/tools/bin/../lib/gcc/arm-none-eabi/13.3.1/../../../../arm-none-eabi/lib/thumb/v7-m/nofp\libc_nano.a(libc_a-nano-vfprintf.o)
                                 0x11 (size before relaxing)
 .rodata._printf_i.str1.1
                0x08007691        0x0 D:/stm32ide/STM32CubeIDE_2.0.0/STM32CubeIDE/plugins/com.st.stm32cube.ide.mcu.externaltools.gnu-tools-for-stm32.13.3.rel1.win32_1.0.100.202509120712/tools/bin/../lib/gcc/arm-none-eabi/13.3.1/../../../../arm-none-eabi/lib/thumb/v7-m/nofp\libc_nano.a(libc_a-nano-vfprintf_i.o)
                                 0x22 (size before relaxing)
                0x08007694                        . = ALIGN (0x4)
 *fill*         0x08007691        0x3 

.rel.dyn        0x08007694        0x0
 .rel.iplt      0x08007694        0x0 D:/stm32ide/STM32CubeIDE_2.0.0/STM32CubeIDE/plugins/com.st.stm32cube.ide.mcu.externaltools.gnu-tools-for-stm32.13.3.rel1.win32_1.0.100.202509120712/tools/bin/../lib/gcc/arm-none-eabi/13.3.1/thumb/v7-m/nofp/crtbegin.o

.ARM.extab      0x08007694        0x0
                0x08007694                        . = ALIGN (0x4)
 *(.ARM.extab* .gnu.linkonce.armextab.*)
                0x08007694                        . = ALIGN (0x4)

.ARM            0x08007694        0x0
                0x08007694                        . = ALIGN (0x4)
                0x08007694                        __exidx_start = .
 *(.ARM.exidx*)
                0x08007694                        __exidx_end = .
                0x08007694                        . = ALIGN (0x4)

.preinit_array  0x08007694        0x0
                0x08007694                        . = ALIGN (0x4)
                0x08007694                        PROVIDE (__preinit_array_start = .)
 *(.preinit_array*)
                0x08007694                        PROVIDE (__preinit_array_end = .)
                0x08007694                        . = ALIGN (0x4)

.init_array     0x08007694        0x4
                0x08007694                        . = ALIGN (0x4)
                0x08007694                        PROVIDE (__init_array_start = .)
 *(SORT_BY_NAME(.init_array.*))
 *(.init_array*)
 .init_array    0x08007694        0x4 D:/stm32ide/STM32CubeIDE_2.0.0/STM32CubeIDE/plugins/com.st.stm32cube.ide.mcu.externaltools.gnu-tools-for-stm32.13.3.rel1.win32_1.0.100.202509120712/tools/bin/../lib/gcc/arm-none-eabi/13.3.1/thumb/v7-m/nofp/crtbegin.o
                0x08007698                        PROVIDE (__init_array_end = .)
                0x08007698                        . = ALIGN (0x4)

.fini_array     0x08007698        0x4
                0x08007698                        . = ALIGN (0x4)
                [!provide]                        PROVIDE (__fini_array_start = .)
 *(SORT_BY_NAME(.fini_array.*))
 *(.fini_array*)
 .fini_array    0x08007698        0x4 D:/stm32ide/STM32CubeIDE_2.0.0/STM32CubeIDE/plugins/com.st.stm32cube.ide.mcu.externaltools.gnu-tools-for-stm32.13.3.rel1.win32_1.0.100.202509120712/tools/bin/../lib/gcc/arm-none-eabi/13.3.1/thumb/v7-m/nofp/crtbegin.o
                [!provide]                        PROVIDE (__fini_array_end = .)
                0x0800769c                        . = ALIGN (0x4)
                0x0800769c                        _sidata = LOADADDR (.data)

.data           0x20000000       0x88 load address 0x0800769c
                0x20000000                        . = ALIGN (0x4)
                0x20000000                        _sdata = .
 *(.data)
 *(.data*)
 .data.csConfig
                0x20000000       0x20 ./Core/Src/main.o
                0x20000000                csConfig
 .data.SystemCoreClock
                0x20000020        0x4 ./Core/Src/system_stm32f1xx.o
                0x20000020                SystemCoreClock
 .data.uwTickPrio
                0x20000024        0x4 ./Drivers/STM32F1xx_HAL_Driver/Src/stm32f1xx_hal.o
                0x20000024                uwTickPrio
 .data.uwTickFreq
                0x20000028        0x1 ./Drivers/STM32F1xx_HAL_Driver/Src/stm32f1xx_hal.o
                0x20000028                uwTickFreq
 *fill*         0x20000029        0x3 
 .data.__sglue  0x2000002c        0xc D:/stm32ide/STM32CubeIDE_2.0.0/STM32CubeIDE/plugins/com.st.stm32cube.ide.mcu.externaltools.gnu-tools-for-stm32.13.3.rel1.win32_1.0.100.202509120712/tools/bin/../lib/gcc/arm-none-eabi/13.3.1/../../../../arm-none-eabi/lib/thumb/v7-m/nofp\libc_nano.a(libc_a-findfp.o)
                0x2000002c                __sglue
 .data._impure_ptr
                0x20000038        0x4 D:/stm32ide/STM32CubeIDE_2.0.0/STM32CubeIDE/plugins/com.st.stm32cube.ide.mcu.externaltools.gnu-tools-for-stm32.13.3.rel1.win32_1.0.100.202509120712/tools/bin/../lib/gcc/arm-none-eabi/13.3.1/../../../../arm-none-eabi/lib/thumb/v7-m/nofp\libc_nano.a(libc_a-impure.o)
                0x20000038                _impure_ptr
 .data._impure_data
                0x2000003c       0x4c D:/stm32ide/STM32CubeIDE_2.0.0/STM32CubeIDE/plugins/com.st.stm32cube.ide.mcu.externaltools.gnu-tools-for-stm32.13.3.rel1.win32_1.0.100.202509120712/tools/bin/../lib/gcc/arm-none-eabi/13.3.1/../../../../arm-none-eabi/lib/thumb/v7-m/nofp\libc_nano.a(libc_a-impure.o)
                0x2000003c                _impure_data
 *(.RamFunc)
 *(.RamFunc*)
                0x20000088                        . = ALIGN (0x4)
                0x20000088                        _edata = .

.igot.plt       0x20000088        0x0 load address 0x08007724
 .igot.plt      0x20000088        0x0 D:/stm32ide/STM32CubeIDE_2.0.0/STM32CubeIDE/plugins/com.st.stm32cube.ide.mcu.externaltools.gnu-tools-for-stm32.13.3.rel1.win32_1.0.100.202509120712/tools/bin/../lib/gcc/arm-none-eabi/13.3.1/thumb/v7-m/nofp/crtbegin.o
                0x20000088                        . = ALIGN (0x4)

.bss            0x20000088      0x600 load address 0x08007724
                0x20000088                        _sbss = .
                0x20000088                        __bss_start__ = _sbss
 *(.bss)
 .bss           0x20000088       0x1c D:/stm32ide/STM32CubeIDE_2.0.0/STM32CubeIDE/plugins/com.st.stm32cube.ide.mcu.externaltools.gnu-tools-for-stm32.13.3.rel1.win32_1.0.100.202509120712/tools/bin/../lib/gcc/arm-none-eabi/13.3.1/thumb/v7-m/nofp/crtbegin.o
 *(.bss*)
 .bss.hadc1     0x200000a4       0x30 ./Core/Src/adc.o
                0x200000a4                hadc1
 .bss.registerMap
                0x200000d4       0x80 ./Core/Src/ads131m0x.o
 .bss.adc_diag  0x20000154       0x28 ./Core/Src/ads131m0x.o
                0x20000154                adc_diag
 .bss.currentCSIndex
                0x2000017c        0x1 ./Core/Src/hal.o
 *fill*         0x2000017d        0x3 
 .bss.receiveData
                0x20000180       0x6c ./Core/Src/main.o
                0x20000180                receiveData
 .bss.cnt       0x200001ec        0x4 ./Core/Src/main.o
                0x200001ec                cnt
 .bss.queues    0x200001f0       0x14 ./Core/Src/main.o
                0x200001f0                queues
 .bss.dma_tx_buffer
                0x20000204       0x10 ./Core/Src/main.o
 .bss.spi_null_tx
                0x20000214       0x1b ./Core/Src/main.o
 .bss.data_ready_flag
                0x2000022f        0x1 ./Core/Src/main.o
                0x2000022f                data_ready_flag
 .bss.uart_tx_busy
                0x20000230        0x1 ./Core/Src/main.o
                0x20000230                uart_tx_busy
 *fill*         0x20000231        0x3 
 .bss.drdy_watchdog
                0x20000234        0x4 ./Core/Src/main.o
 .bss.adc_rt    0x20000238       0xb0 ./Core/Src/main.o
 .bss.drdy_cycle_count
                0x200002e8        0x4 ./Core/Src/main.o
 .bss.last_diag_cycle_printed
                0x200002ec        0x4 ./Core/Src/main.o
 .bss.diag_printed_once
                0x200002f0        0x1 ./Core/Src/main.o
 *fill*         0x200002f1        0x3 
 .bss.hspi2     0x200002f4       0x58 ./Core/Src/spi.o
                0x200002f4                hspi2
 .bss.hdma_spi2_rx
                0x2000034c       0x44 ./Core/Src/spi.o
                0x2000034c                hdma_spi2_rx
 .bss.hdma_spi2_tx
                0x20000390       0x44 ./Core/Src/spi.o
                0x20000390                hdma_spi2_tx
 .bss.__sbrk_heap_end
                0x200003d4        0x4 ./Core/Src/sysmem.o
 .bss.htim2     0x200003d8       0x48 ./Core/Src/tim.o
                0x200003d8                htim2
 .bss.huart4    0x20000420       0x48 ./Core/Src/usart.o
                0x20000420                huart4
 .bss.huart2    0x20000468       0x48 ./Core/Src/usart.o
                0x20000468                huart2
 .bss.hdma_uart4_tx
                0x200004b0       0x44 ./Core/Src/usart.o
                0x200004b0                hdma_uart4_tx
 .bss.hdma_usart2_tx
                0x200004f4       0x44 ./Core/Src/usart.o
                0x200004f4                hdma_usart2_tx
 .bss.uwTick    0x20000538        0x4 ./Drivers/STM32F1xx_HAL_Driver/Src/stm32f1xx_hal.o
                0x20000538                uwTick
 .bss.__malloc_sbrk_start
                0x2000053c        0x4 D:/stm32ide/STM32CubeIDE_2.0.0/STM32CubeIDE/plugins/com.st.stm32cube.ide.mcu.externaltools.gnu-tools-for-stm32.13.3.rel1.win32_1.0.100.202509120712/tools/bin/../lib/gcc/arm-none-eabi/13.3.1/../../../../arm-none-eabi/lib/thumb/v7-m/nofp\libc_nano.a(libc_a-mallocr.o)
                0x2000053c                __malloc_sbrk_start
 .bss.__malloc_free_list
                0x20000540        0x4 D:/stm32ide/STM32CubeIDE_2.0.0/STM32CubeIDE/plugins/com.st.stm32cube.ide.mcu.externaltools.gnu-tools-for-stm32.13.3.rel1.win32_1.0.100.202509120712/tools/bin/../lib/gcc/arm-none-eabi/13.3.1/../../../../arm-none-eabi/lib/thumb/v7-m/nofp\libc_nano.a(libc_a-mallocr.o)
                0x20000540                __malloc_free_list
 .bss.__sf      0x20000544      0x138 D:/stm32ide/STM32CubeIDE_2.0.0/STM32CubeIDE/plugins/com.st.stm32cube.ide.mcu.externaltools.gnu-tools-for-stm32.13.3.rel1.win32_1.0.100.202509120712/tools/bin/../lib/gcc/arm-none-eabi/13.3.1/../../../../arm-none-eabi/lib/thumb/v7-m/nofp\libc_nano.a(libc_a-findfp.o)
                0x20000544                __sf
 .bss.__stdio_exit_handler
                0x2000067c        0x4 D:/stm32ide/STM32CubeIDE_2.0.0/STM32CubeIDE/plugins/com.st.stm32cube.ide.mcu.externaltools.gnu-tools-for-stm32.13.3.rel1.win32_1.0.100.202509120712/tools/bin/../lib/gcc/arm-none-eabi/13.3.1/../../../../arm-none-eabi/lib/thumb/v7-m/nofp\libc_nano.a(libc_a-findfp.o)
                0x2000067c                __stdio_exit_handler
 .bss.errno     0x20000680        0x4 D:/stm32ide/STM32CubeIDE_2.0.0/STM32CubeIDE/plugins/com.st.stm32cube.ide.mcu.externaltools.gnu-tools-for-stm32.13.3.rel1.win32_1.0.100.202509120712/tools/bin/../lib/gcc/arm-none-eabi/13.3.1/../../../../arm-none-eabi/lib/thumb/v7-m/nofp\libc_nano.a(libc_a-reent.o)
                0x20000680                errno
 .bss.__lock___malloc_recursive_mutex
                0x20000684        0x1 D:/stm32ide/STM32CubeIDE_2.0.0/STM32CubeIDE/plugins/com.st.stm32cube.ide.mcu.externaltools.gnu-tools-for-stm32.13.3.rel1.win32_1.0.100.202509120712/tools/bin/../lib/gcc/arm-none-eabi/13.3.1/../../../../arm-none-eabi/lib/thumb/v7-m/nofp\libc_nano.a(libc_a-lock.o)
                0x20000684                __lock___malloc_recursive_mutex
 .bss.__lock___sfp_recursive_mutex
                0x20000685        0x1 D:/stm32ide/STM32CubeIDE_2.0.0/STM32CubeIDE/plugins/com.st.stm32cube.ide.mcu.externaltools.gnu-tools-for-stm32.13.3.rel1.win32_1.0.100.202509120712/tools/bin/../lib/gcc/arm-none-eabi/13.3.1/../../../../arm-none-eabi/lib/thumb/v7-m/nofp\libc_nano.a(libc_a-lock.o)
                0x20000685                __lock___sfp_recursive_mutex
 *(COMMON)
                0x20000688                        . = ALIGN (0x4)
 *fill*         0x20000686        0x2 
                0x20000688                        _ebss = .
                0x20000688                        __bss_end__ = _ebss

._user_heap_stack
                0x20000688      0x600 load address 0x08007724
                0x20000688                        . = ALIGN (0x8)
                [!provide]                        PROVIDE (end = .)
                0x20000688                        PROVIDE (_end = .)
                0x20000888                        . = (. + _Min_Heap_Size)
 *fill*         0x20000688      0x200 
                0x20000c88                        . = (. + _Min_Stack_Size)
 *fill*         0x20000888      0x400 
                0x20000c88                        . = ALIGN (0x8)

/DISCARD/
 libc.a(*)
 libm.a(*)
 libgcc.a(*)

.ARM.attributes
                0x00000000       0x29
 *(.ARM.attributes)
 .ARM.attributes
                0x00000000       0x1d D:/stm32ide/STM32CubeIDE_2.0.0/STM32CubeIDE/plugins/com.st.stm32cube.ide.mcu.externaltools.gnu-tools-for-stm32.13.3.rel1.win32_1.0.100.202509120712/tools/bin/../lib/gcc/arm-none-eabi/13.3.1/thumb/v7-m/nofp/crti.o
 .ARM.attributes
                0x0000001d       0x2d D:/stm32ide/STM32CubeIDE_2.0.0/STM32CubeIDE/plugins/com.st.stm32cube.ide.mcu.externaltools.gnu-tools-for-stm32.13.3.rel1.win32_1.0.100.202509120712/tools/bin/../lib/gcc/arm-none-eabi/13.3.1/thumb/v7-m/nofp/crtbegin.o
 .ARM.attributes
                0x0000004a       0x2d ./Core/Src/adc.o
 .ARM.attributes
                0x00000077       0x2d ./Core/Src/ads131m0x.o
 .ARM.attributes
                0x000000a4       0x2d ./Core/Src/dma.o
 .ARM.attributes
                0x000000d1       0x2d ./Core/Src/gpio.o
 .ARM.attributes
                0x000000fe       0x2d ./Core/Src/hal.o
 .ARM.attributes
                0x0000012b       0x2d ./Core/Src/main.o
 .ARM.attributes
                0x00000158       0x2d ./Core/Src/queue.o
 .ARM.attributes
                0x00000185       0x2d ./Core/Src/spi.o
 .ARM.attributes
                0x000001b2       0x2d ./Core/Src/stm32f1xx_hal_msp.o
 .ARM.attributes
                0x000001df       0x2d ./Core/Src/stm32f1xx_it.o
 .ARM.attributes
                0x0000020c       0x2d ./Core/Src/syscalls.o
 .ARM.attributes
                0x00000239       0x2d ./Core/Src/sysmem.o
 .ARM.attributes
                0x00000266       0x2d ./Core/Src/system_stm32f1xx.o
 .ARM.attributes
                0x00000293       0x2d ./Core/Src/tim.o
 .ARM.attributes
                0x000002c0       0x2d ./Core/Src/usart.o
 .ARM.attributes
                0x000002ed       0x21 ./Core/Startup/startup_stm32f103retx.o
 .ARM.attributes
                0x0000030e       0x2d ./Drivers/STM32F1xx_HAL_Driver/Src/stm32f1xx_hal.o
 .ARM.attributes
                0x0000033b       0x2d ./Drivers/STM32F1xx_HAL_Driver/Src/stm32f1xx_hal_adc.o
 .ARM.attributes
                0x00000368       0x2d ./Drivers/STM32F1xx_HAL_Driver/Src/stm32f1xx_hal_cortex.o
 .ARM.attributes
                0x00000395       0x2d ./Drivers/STM32F1xx_HAL_Driver/Src/stm32f1xx_hal_dma.o
 .ARM.attributes
                0x000003c2       0x2d ./Drivers/STM32F1xx_HAL_Driver/Src/stm32f1xx_hal_gpio.o
 .ARM.attributes
                0x000003ef       0x2d ./Drivers/STM32F1xx_HAL_Driver/Src/stm32f1xx_hal_rcc.o
 .ARM.attributes
                0x0000041c       0x2d ./Drivers/STM32F1xx_HAL_Driver/Src/stm32f1xx_hal_rcc_ex.o
 .ARM.attributes
                0x00000449       0x2d ./Drivers/STM32F1xx_HAL_Driver/Src/stm32f1xx_hal_spi.o
 .ARM.attributes
                0x00000476       0x2d ./Drivers/STM32F1xx_HAL_Driver/Src/stm32f1xx_hal_tim.o
 .ARM.attributes
                0x000004a3       0x2d ./Drivers/STM32F1xx_HAL_Driver/Src/stm32f1xx_hal_tim_ex.o
 .ARM.attributes
                0x000004d0       0x2d ./Drivers/STM32F1xx_HAL_Driver/Src/stm32f1xx_hal_uart.o
 .ARM.attributes
                0x000004fd       0x2d D:/stm32ide/STM32CubeIDE_2.0.0/STM32CubeIDE/plugins/com.st.stm32cube.ide.mcu.externaltools.gnu-tools-for-stm32.13.3.rel1.win32_1.0.100.202509120712/tools/bin/../lib/gcc/arm-none-eabi/13.3.1/../../../../arm-none-eabi/lib/thumb/v7-m/nofp\libc_nano.a(libc_a-assert.o)
 .ARM.attributes
                0x0000052a       0x2d D:/stm32ide/STM32CubeIDE_2.0.0/STM32CubeIDE/plugins/com.st.stm32cube.ide.mcu.externaltools.gnu-tools-for-stm32.13.3.rel1.win32_1.0.100.202509120712/tools/bin/../lib/gcc/arm-none-eabi/13.3.1/../../../../arm-none-eabi/lib/thumb/v7-m/nofp\libc_nano.a(libc_a-malloc.o)
 .ARM.attributes
                0x00000557       0x2d D:/stm32ide/STM32CubeIDE_2.0.0/STM32CubeIDE/plugins/com.st.stm32cube.ide.mcu.externaltools.gnu-tools-for-stm32.13.3.rel1.win32_1.0.100.202509120712/tools/bin/../lib/gcc/arm-none-eabi/13.3.1/../../../../arm-none-eabi/lib/thumb/v7-m/nofp\libc_nano.a(libc_a-mallocr.o)
 .ARM.attributes
                0x00000584       0x2d D:/stm32ide/STM32CubeIDE_2.0.0/STM32CubeIDE/plugins/com.st.stm32cube.ide.mcu.externaltools.gnu-tools-for-stm32.13.3.rel1.win32_1.0.100.202509120712/tools/bin/../lib/gcc/arm-none-eabi/13.3.1/../../../../arm-none-eabi/lib/thumb/v7-m/nofp\libc_nano.a(libc_a-mlock.o)
 .ARM.attributes
                0x000005b1       0x2d D:/stm32ide/STM32CubeIDE_2.0.0/STM32CubeIDE/plugins/com.st.stm32cube.ide.mcu.externaltools.gnu-tools-for-stm32.13.3.rel1.win32_1.0.100.202509120712/tools/bin/../lib/gcc/arm-none-eabi/13.3.1/../../../../arm-none-eabi/lib/thumb/v7-m/nofp\libc_nano.a(libc_a-findfp.o)
 .ARM.attributes
                0x000005de       0x2d D:/stm32ide/STM32CubeIDE_2.0.0/STM32CubeIDE/plugins/com.st.stm32cube.ide.mcu.externaltools.gnu-tools-for-stm32.13.3.rel1.win32_1.0.100.202509120712/tools/bin/../lib/gcc/arm-none-eabi/13.3.1/../../../../arm-none-eabi/lib/thumb/v7-m/nofp\libc_nano.a(libc_a-fprintf.o)
 .ARM.attributes
                0x0000060b       0x2d D:/stm32ide/STM32CubeIDE_2.0.0/STM32CubeIDE/plugins/com.st.stm32cube.ide.mcu.externaltools.gnu-tools-for-stm32.13.3.rel1.win32_1.0.100.202509120712/tools/bin/../lib/gcc/arm-none-eabi/13.3.1/../../../../arm-none-eabi/lib/thumb/v7-m/nofp\libc_nano.a(libc_a-fwalk.o)
 .ARM.attributes
                0x00000638       0x2d D:/stm32ide/STM32CubeIDE_2.0.0/STM32CubeIDE/plugins/com.st.stm32cube.ide.mcu.externaltools.gnu-tools-for-stm32.13.3.rel1.win32_1.0.100.202509120712/tools/bin/../lib/gcc/arm-none-eabi/13.3.1/../../../../arm-none-eabi/lib/thumb/v7-m/nofp\libc_nano.a(libc_a-snprintf.o)
 .ARM.attributes
                0x00000665       0x2d D:/stm32ide/STM32CubeIDE_2.0.0/STM32CubeIDE/plugins/com.st.stm32cube.ide.mcu.externaltools.gnu-tools-for-stm32.13.3.rel1.win32_1.0.100.202509120712/tools/bin/../lib/gcc/arm-none-eabi/13.3.1/../../../../arm-none-eabi/lib/thumb/v7-m/nofp\libc_nano.a(libc_a-stdio.o)
 .ARM.attributes
                0x00000692       0x2d D:/stm32ide/STM32CubeIDE_2.0.0/STM32CubeIDE/plugins/com.st.stm32cube.ide.mcu.externaltools.gnu-tools-for-stm32.13.3.rel1.win32_1.0.100.202509120712/tools/bin/../lib/gcc/arm-none-eabi/13.3.1/../../../../arm-none-eabi/lib/thumb/v7-m/nofp\libc_nano.a(libc_a-memset.o)
 .ARM.attributes
                0x000006bf       0x2d D:/stm32ide/STM32CubeIDE_2.0.0/STM32CubeIDE/plugins/com.st.stm32cube.ide.mcu.externaltools.gnu-tools-for-stm32.13.3.rel1.win32_1.0.100.202509120712/tools/bin/../lib/gcc/arm-none-eabi/13.3.1/../../../../arm-none-eabi/lib/thumb/v7-m/nofp\libc_nano.a(libc_a-closer.o)
 .ARM.attributes
                0x000006ec       0x2d D:/stm32ide/STM32CubeIDE_2.0.0/STM32CubeIDE/plugins/com.st.stm32cube.ide.mcu.externaltools.gnu-tools-for-stm32.13.3.rel1.win32_1.0.100.202509120712/tools/bin/../lib/gcc/arm-none-eabi/13.3.1/../../../../arm-none-eabi/lib/thumb/v7-m/nofp\libc_nano.a(libc_a-reent.o)
 .ARM.attributes
                0x00000719       0x2d D:/stm32ide/STM32CubeIDE_2.0.0/STM32CubeIDE/plugins/com.st.stm32cube.ide.mcu.externaltools.gnu-tools-for-stm32.13.3.rel1.win32_1.0.100.202509120712/tools/bin/../lib/gcc/arm-none-eabi/13.3.1/../../../../arm-none-eabi/lib/thumb/v7-m/nofp\libc_nano.a(libc_a-impure.o)
 .ARM.attributes
                0x00000746       0x2d D:/stm32ide/STM32CubeIDE_2.0.0/STM32CubeIDE/plugins/com.st.stm32cube.ide.mcu.externaltools.gnu-tools-for-stm32.13.3.rel1.win32_1.0.100.202509120712/tools/bin/../lib/gcc/arm-none-eabi/13.3.1/../../../../arm-none-eabi/lib/thumb/v7-m/nofp\libc_nano.a(libc_a-lseekr.o)
 .ARM.attributes
                0x00000773       0x2d D:/stm32ide/STM32CubeIDE_2.0.0/STM32CubeIDE/plugins/com.st.stm32cube.ide.mcu.externaltools.gnu-tools-for-stm32.13.3.rel1.win32_1.0.100.202509120712/tools/bin/../lib/gcc/arm-none-eabi/13.3.1/../../../../arm-none-eabi/lib/thumb/v7-m/nofp\libc_nano.a(libc_a-readr.o)
 .ARM.attributes
                0x000007a0       0x2d D:/stm32ide/STM32CubeIDE_2.0.0/STM32CubeIDE/plugins/com.st.stm32cube.ide.mcu.externaltools.gnu-tools-for-stm32.13.3.rel1.win32_1.0.100.202509120712/tools/bin/../lib/gcc/arm-none-eabi/13.3.1/../../../../arm-none-eabi/lib/thumb/v7-m/nofp\libc_nano.a(libc_a-sbrkr.o)
 .ARM.attributes
                0x000007cd       0x2d D:/stm32ide/STM32CubeIDE_2.0.0/STM32CubeIDE/plugins/com.st.stm32cube.ide.mcu.externaltools.gnu-tools-for-stm32.13.3.rel1.win32_1.0.100.202509120712/tools/bin/../lib/gcc/arm-none-eabi/13.3.1/../../../../arm-none-eabi/lib/thumb/v7-m/nofp\libc_nano.a(libc_a-writer.o)
 .ARM.attributes
                0x000007fa       0x2d D:/stm32ide/STM32CubeIDE_2.0.0/STM32CubeIDE/plugins/com.st.stm32cube.ide.mcu.externaltools.gnu-tools-for-stm32.13.3.rel1.win32_1.0.100.202509120712/tools/bin/../lib/gcc/arm-none-eabi/13.3.1/../../../../arm-none-eabi/lib/thumb/v7-m/nofp\libc_nano.a(libc_a-errno.o)
 .ARM.attributes
                0x00000827       0x2d D:/stm32ide/STM32CubeIDE_2.0.0/STM32CubeIDE/plugins/com.st.stm32cube.ide.mcu.externaltools.gnu-tools-for-stm32.13.3.rel1.win32_1.0.100.202509120712/tools/bin/../lib/gcc/arm-none-eabi/13.3.1/../../../../arm-none-eabi/lib/thumb/v7-m/nofp\libc_nano.a(libc_a-init.o)
 .ARM.attributes
                0x00000854       0x2d D:/stm32ide/STM32CubeIDE_2.0.0/STM32CubeIDE/plugins/com.st.stm32cube.ide.mcu.externaltools.gnu-tools-for-stm32.13.3.rel1.win32_1.0.100.202509120712/tools/bin/../lib/gcc/arm-none-eabi/13.3.1/../../../../arm-none-eabi/lib/thumb/v7-m/nofp\libc_nano.a(libc_a-lock.o)
 .ARM.attributes
                0x00000881       0x2d D:/stm32ide/STM32CubeIDE_2.0.0/STM32CubeIDE/plugins/com.st.stm32cube.ide.mcu.externaltools.gnu-tools-for-stm32.13.3.rel1.win32_1.0.100.202509120712/tools/bin/../lib/gcc/arm-none-eabi/13.3.1/../../../../arm-none-eabi/lib/thumb/v7-m/nofp\libc_nano.a(libc_a-memcpy-stub.o)
 .ARM.attributes
                0x000008ae       0x2d D:/stm32ide/STM32CubeIDE_2.0.0/STM32CubeIDE/plugins/com.st.stm32cube.ide.mcu.externaltools.gnu-tools-for-stm32.13.3.rel1.win32_1.0.100.202509120712/tools/bin/../lib/gcc/arm-none-eabi/13.3.1/../../../../arm-none-eabi/lib/thumb/v7-m/nofp\libc_nano.a(libc_a-abort.o)
 .ARM.attributes
                0x000008db       0x2d D:/stm32ide/STM32CubeIDE_2.0.0/STM32CubeIDE/plugins/com.st.stm32cube.ide.mcu.externaltools.gnu-tools-for-stm32.13.3.rel1.win32_1.0.100.202509120712/tools/bin/../lib/gcc/arm-none-eabi/13.3.1/../../../../arm-none-eabi/lib/thumb/v7-m/nofp\libc_nano.a(libc_a-freer.o)
 .ARM.attributes
                0x00000908       0x2d D:/stm32ide/STM32CubeIDE_2.0.0/STM32CubeIDE/plugins/com.st.stm32cube.ide.mcu.externaltools.gnu-tools-for-stm32.13.3.rel1.win32_1.0.100.202509120712/tools/bin/../lib/gcc/arm-none-eabi/13.3.1/../../../../arm-none-eabi/lib/thumb/v7-m/nofp\libc_nano.a(libc_a-nano-svfprintf.o)
 .ARM.attributes
                0x00000935       0x2d D:/stm32ide/STM32CubeIDE_2.0.0/STM32CubeIDE/plugins/com.st.stm32cube.ide.mcu.externaltools.gnu-tools-for-stm32.13.3.rel1.win32_1.0.100.202509120712/tools/bin/../lib/gcc/arm-none-eabi/13.3.1/../../../../arm-none-eabi/lib/thumb/v7-m/nofp\libc_nano.a(libc_a-nano-vfprintf.o)
 .ARM.attributes
                0x00000962       0x2d D:/stm32ide/STM32CubeIDE_2.0.0/STM32CubeIDE/plugins/com.st.stm32cube.ide.mcu.externaltools.gnu-tools-for-stm32.13.3.rel1.win32_1.0.100.202509120712/tools/bin/../lib/gcc/arm-none-eabi/13.3.1/../../../../arm-none-eabi/lib/thumb/v7-m/nofp\libc_nano.a(libc_a-nano-vfprintf_i.o)
 .ARM.attributes
                0x0000098f       0x2d D:/stm32ide/STM32CubeIDE_2.0.0/STM32CubeIDE/plugins/com.st.stm32cube.ide.mcu.externaltools.gnu-tools-for-stm32.13.3.rel1.win32_1.0.100.202509120712/tools/bin/../lib/gcc/arm-none-eabi/13.3.1/../../../../arm-none-eabi/lib/thumb/v7-m/nofp\libc_nano.a(libc_a-fflush.o)
 .ARM.attributes
                0x000009bc       0x2d D:/stm32ide/STM32CubeIDE_2.0.0/STM32CubeIDE/plugins/com.st.stm32cube.ide.mcu.externaltools.gnu-tools-for-stm32.13.3.rel1.win32_1.0.100.202509120712/tools/bin/../lib/gcc/arm-none-eabi/13.3.1/../../../../arm-none-eabi/lib/thumb/v7-m/nofp\libc_nano.a(libc_a-wbuf.o)
 .ARM.attributes
                0x000009e9       0x2d D:/stm32ide/STM32CubeIDE_2.0.0/STM32CubeIDE/plugins/com.st.stm32cube.ide.mcu.externaltools.gnu-tools-for-stm32.13.3.rel1.win32_1.0.100.202509120712/tools/bin/../lib/gcc/arm-none-eabi/13.3.1/../../../../arm-none-eabi/lib/thumb/v7-m/nofp\libc_nano.a(libc_a-wsetup.o)
 .ARM.attributes
                0x00000a16       0x2d D:/stm32ide/STM32CubeIDE_2.0.0/STM32CubeIDE/plugins/com.st.stm32cube.ide.mcu.externaltools.gnu-tools-for-stm32.13.3.rel1.win32_1.0.100.202509120712/tools/bin/../lib/gcc/arm-none-eabi/13.3.1/../../../../arm-none-eabi/lib/thumb/v7-m/nofp\libc_nano.a(libc_a-memmove.o)
 .ARM.attributes
                0x00000a43       0x2d D:/stm32ide/STM32CubeIDE_2.0.0/STM32CubeIDE/plugins/com.st.stm32cube.ide.mcu.externaltools.gnu-tools-for-stm32.13.3.rel1.win32_1.0.100.202509120712/tools/bin/../lib/gcc/arm-none-eabi/13.3.1/../../../../arm-none-eabi/lib/thumb/v7-m/nofp\libc_nano.a(libc_a-signal.o)
 .ARM.attributes
                0x00000a70       0x2d D:/stm32ide/STM32CubeIDE_2.0.0/STM32CubeIDE/plugins/com.st.stm32cube.ide.mcu.externaltools.gnu-tools-for-stm32.13.3.rel1.win32_1.0.100.202509120712/tools/bin/../lib/gcc/arm-none-eabi/13.3.1/../../../../arm-none-eabi/lib/thumb/v7-m/nofp\libc_nano.a(libc_a-signalr.o)
 .ARM.attributes
                0x00000a9d       0x2d D:/stm32ide/STM32CubeIDE_2.0.0/STM32CubeIDE/plugins/com.st.stm32cube.ide.mcu.externaltools.gnu-tools-for-stm32.13.3.rel1.win32_1.0.100.202509120712/tools/bin/../lib/gcc/arm-none-eabi/13.3.1/../../../../arm-none-eabi/lib/thumb/v7-m/nofp\libc_nano.a(libc_a-memchr-stub.o)
 .ARM.attributes
                0x00000aca       0x2d D:/stm32ide/STM32CubeIDE_2.0.0/STM32CubeIDE/plugins/com.st.stm32cube.ide.mcu.externaltools.gnu-tools-for-stm32.13.3.rel1.win32_1.0.100.202509120712/tools/bin/../lib/gcc/arm-none-eabi/13.3.1/../../../../arm-none-eabi/lib/thumb/v7-m/nofp\libc_nano.a(libc_a-reallocr.o)
 .ARM.attributes
                0x00000af7       0x2d D:/stm32ide/STM32CubeIDE_2.0.0/STM32CubeIDE/plugins/com.st.stm32cube.ide.mcu.externaltools.gnu-tools-for-stm32.13.3.rel1.win32_1.0.100.202509120712/tools/bin/../lib/gcc/arm-none-eabi/13.3.1/../../../../arm-none-eabi/lib/thumb/v7-m/nofp\libc_nano.a(libc_a-makebuf.o)
 .ARM.attributes
                0x00000b24       0x2d D:/stm32ide/STM32CubeIDE_2.0.0/STM32CubeIDE/plugins/com.st.stm32cube.ide.mcu.externaltools.gnu-tools-for-stm32.13.3.rel1.win32_1.0.100.202509120712/tools/bin/../lib/gcc/arm-none-eabi/13.3.1/../../../../arm-none-eabi/lib/thumb/v7-m/nofp\libc_nano.a(libc_a-fstatr.o)
 .ARM.attributes
                0x00000b51       0x2d D:/stm32ide/STM32CubeIDE_2.0.0/STM32CubeIDE/plugins/com.st.stm32cube.ide.mcu.externaltools.gnu-tools-for-stm32.13.3.rel1.win32_1.0.100.202509120712/tools/bin/../lib/gcc/arm-none-eabi/13.3.1/../../../../arm-none-eabi/lib/thumb/v7-m/nofp\libc_nano.a(libc_a-isattyr.o)
 .ARM.attributes
                0x00000b7e       0x2d D:/stm32ide/STM32CubeIDE_2.0.0/STM32CubeIDE/plugins/com.st.stm32cube.ide.mcu.externaltools.gnu-tools-for-stm32.13.3.rel1.win32_1.0.100.202509120712/tools/bin/../lib/gcc/arm-none-eabi/13.3.1/../../../../arm-none-eabi/lib/thumb/v7-m/nofp\libc_nano.a(libc_a-msizer.o)
 .ARM.attributes
                0x00000bab       0x1d D:/stm32ide/STM32CubeIDE_2.0.0/STM32CubeIDE/plugins/com.st.stm32cube.ide.mcu.externaltools.gnu-tools-for-stm32.13.3.rel1.win32_1.0.100.202509120712/tools/bin/../lib/gcc/arm-none-eabi/13.3.1/thumb/v7-m/nofp/crtn.o
OUTPUT(tactilefinger_PVDF.elf elf32-littlearm)
LOAD linker stubs
LOAD D:/stm32ide/STM32CubeIDE_2.0.0/STM32CubeIDE/plugins/com.st.stm32cube.ide.mcu.externaltools.gnu-tools-for-stm32.13.3.rel1.win32_1.0.100.202509120712/tools/bin/../lib/gcc/arm-none-eabi/13.3.1/../../../../arm-none-eabi/lib/thumb/v7-m/nofp\libc.a
LOAD D:/stm32ide/STM32CubeIDE_2.0.0/STM32CubeIDE/plugins/com.st.stm32cube.ide.mcu.externaltools.gnu-tools-for-stm32.13.3.rel1.win32_1.0.100.202509120712/tools/bin/../lib/gcc/arm-none-eabi/13.3.1/../../../../arm-none-eabi/lib/thumb/v7-m/nofp\libm.a
LOAD D:/stm32ide/STM32CubeIDE_2.0.0/STM32CubeIDE/plugins/com.st.stm32cube.ide.mcu.externaltools.gnu-tools-for-stm32.13.3.rel1.win32_1.0.100.202509120712/tools/bin/../lib/gcc/arm-none-eabi/13.3.1/thumb/v7-m/nofp\libgcc.a

.debug_info     0x00000000    0x12f15
 .debug_info    0x00000000      0x7f0 ./Core/Src/adc.o
 .debug_info    0x000007f0      0xa1b ./Core/Src/ads131m0x.o
 .debug_info    0x0000120b      0x34e ./Core/Src/dma.o
 .debug_info    0x00001559      0x4b4 ./Core/Src/gpio.o
 .debug_info    0x00001a0d      0x8eb ./Core/Src/hal.o
 .debug_info    0x000022f8     0x187d ./Core/Src/main.o
 .debug_info    0x00003b75      0x2de ./Core/Src/queue.o
 .debug_info    0x00003e53      0xa01 ./Core/Src/spi.o
 .debug_info    0x00004854      0x1f1 ./Core/Src/stm32f1xx_hal_msp.o
 .debug_info    0x00004a45      0xcb0 ./Core/Src/stm32f1xx_it.o
 .debug_info    0x000056f5      0x6a3 ./Core/Src/syscalls.o
 .debug_info    0x00005d98      0x168 ./Core/Src/sysmem.o
 .debug_info    0x00005f00      0x222 ./Core/Src/system_stm32f1xx.o
 .debug_info    0x00006122      0xa21 ./Core/Src/tim.o
 .debug_info    0x00006b43      0xa33 ./Core/Src/usart.o
 .debug_info    0x00007576       0x30 ./Core/Startup/startup_stm32f103retx.o
 .debug_info    0x000075a6      0x76a ./Drivers/STM32F1xx_HAL_Driver/Src/stm32f1xx_hal.o
 .debug_info    0x00007d10      0xc50 ./Drivers/STM32F1xx_HAL_Driver/Src/stm32f1xx_hal_adc.o
 .debug_info    0x00008960      0xaed ./Drivers/STM32F1xx_HAL_Driver/Src/stm32f1xx_hal_cortex.o
 .debug_info    0x0000944d      0x6d2 ./Drivers/STM32F1xx_HAL_Driver/Src/stm32f1xx_hal_dma.o
 .debug_info    0x00009b1f      0x5ab ./Drivers/STM32F1xx_HAL_Driver/Src/stm32f1xx_hal_gpio.o
 .debug_info    0x0000a0ca      0x7d5 ./Drivers/STM32F1xx_HAL_Driver/Src/stm32f1xx_hal_rcc.o
 .debug_info    0x0000a89f      0x3e9 ./Drivers/STM32F1xx_HAL_Driver/Src/stm32f1xx_hal_rcc_ex.o
 .debug_info    0x0000ac88     0x150f ./Drivers/STM32F1xx_HAL_Driver/Src/stm32f1xx_hal_spi.o
 .debug_info    0x0000c197     0x293b ./Drivers/STM32F1xx_HAL_Driver/Src/stm32f1xx_hal_tim.o
 .debug_info    0x0000ead2     0x149b ./Drivers/STM32F1xx_HAL_Driver/Src/stm32f1xx_hal_tim_ex.o
 .debug_info    0x0000ff6d     0x2fa8 ./Drivers/STM32F1xx_HAL_Driver/Src/stm32f1xx_hal_uart.o

.debug_abbrev   0x00000000     0x3457
 .debug_abbrev  0x00000000      0x1e1 ./Core/Src/adc.o
 .debug_abbrev  0x000001e1      0x269 ./Core/Src/ads131m0x.o
 .debug_abbrev  0x0000044a      0x109 ./Core/Src/dma.o
 .debug_abbrev  0x00000553      0x161 ./Core/Src/gpio.o
 .debug_abbrev  0x000006b4      0x2b1 ./Core/Src/hal.o
 .debug_abbrev  0x00000965      0x32e ./Core/Src/main.o
 .debug_abbrev  0x00000c93      0x151 ./Core/Src/queue.o
 .debug_abbrev  0x00000de4      0x215 ./Core/Src/spi.o
 .debug_abbrev  0x00000ff9       0xdb ./Core/Src/stm32f1xx_hal_msp.o
 .debug_abbrev  0x000010d4      0x1dc ./Core/Src/stm32f1xx_it.o
 .debug_abbrev  0x000012b0      0x1b6 ./Core/Src/syscalls.o
 .debug_abbrev  0x00001466       0xbc ./Core/Src/sysmem.o
 .debug_abbrev  0x00001522      0x13f ./Core/Src/system_stm32f1xx.o
 .debug_abbrev  0x00001661      0x20e ./Core/Src/tim.o
 .debug_abbrev  0x0000186f      0x221 ./Core/Src/usart.o
 .debug_abbrev  0x00001a90       0x24 ./Core/Startup/startup_stm32f103retx.o
 .debug_abbrev  0x00001ab4      0x201 ./Drivers/STM32F1xx_HAL_Driver/Src/stm32f1xx_hal.o
 .debug_abbrev  0x00001cb5      0x225 ./Drivers/STM32F1xx_HAL_Driver/Src/stm32f1xx_hal_adc.o
 .debug_abbrev  0x00001eda      0x2f8 ./Drivers/STM32F1xx_HAL_Driver/Src/stm32f1xx_hal_cortex.o
 .debug_abbrev  0x000021d2      0x20b ./Drivers/STM32F1xx_HAL_Driver/Src/stm32f1xx_hal_dma.o
 .debug_abbrev  0x000023dd      0x1ca ./Drivers/STM32F1xx_HAL_Driver/Src/stm32f1xx_hal_gpio.o
 .debug_abbrev  0x000025a7      0x2b3 ./Drivers/STM32F1xx_HAL_Driver/Src/stm32f1xx_hal_rcc.o
 .debug_abbrev  0x0000285a      0x188 ./Drivers/STM32F1xx_HAL_Driver/Src/stm32f1xx_hal_rcc_ex.o
 .debug_abbrev  0x000029e2      0x284 ./Drivers/STM32F1xx_HAL_Driver/Src/stm32f1xx_hal_spi.o
 .debug_abbrev  0x00002c66      0x277 ./Drivers/STM32F1xx_HAL_Driver/Src/stm32f1xx_hal_tim.o
 .debug_abbrev  0x00002edd      0x282 ./Drivers/STM32F1xx_HAL_Driver/Src/stm32f1xx_hal_tim_ex.o
 .debug_abbrev  0x0000315f      0x2f8 ./Drivers/STM32F1xx_HAL_Driver/Src/stm32f1xx_hal_uart.o

.debug_aranges  0x00000000     0x1220
 .debug_aranges
                0x00000000       0x30 ./Core/Src/adc.o
 .debug_aranges
                0x00000030       0xa8 ./Core/Src/ads131m0x.o
 .debug_aranges
                0x000000d8       0x20 ./Core/Src/dma.o
 .debug_aranges
                0x000000f8       0x20 ./Core/Src/gpio.o
 .debug_aranges
                0x00000118       0x68 ./Core/Src/hal.o
 .debug_aranges
                0x00000180       0x68 ./Core/Src/main.o
 .debug_aranges
                0x000001e8       0x48 ./Core/Src/queue.o
 .debug_aranges
                0x00000230       0x30 ./Core/Src/spi.o
 .debug_aranges
                0x00000260       0x20 ./Core/Src/stm32f1xx_hal_msp.o
 .debug_aranges
                0x00000280       0xa8 ./Core/Src/stm32f1xx_it.o
 .debug_aranges
                0x00000328       0xa8 ./Core/Src/syscalls.o
 .debug_aranges
                0x000003d0       0x20 ./Core/Src/sysmem.o
 .debug_aranges
                0x000003f0       0x28 ./Core/Src/system_stm32f1xx.o
 .debug_aranges
                0x00000418       0x30 ./Core/Src/tim.o
 .debug_aranges
                0x00000448       0x38 ./Core/Src/usart.o
 .debug_aranges
                0x00000480       0x28 ./Core/Startup/startup_stm32f103retx.o
 .debug_aranges
                0x000004a8       0xe0 ./Drivers/STM32F1xx_HAL_Driver/Src/stm32f1xx_hal.o
 .debug_aranges
                0x00000588       0xf0 ./Drivers/STM32F1xx_HAL_Driver/Src/stm32f1xx_hal_adc.o
 .debug_aranges
                0x00000678      0x100 ./Drivers/STM32F1xx_HAL_Driver/Src/stm32f1xx_hal_cortex.o
 .debug_aranges
                0x00000778       0x80 ./Drivers/STM32F1xx_HAL_Driver/Src/stm32f1xx_hal_dma.o
 .debug_aranges
                0x000007f8       0x58 ./Drivers/STM32F1xx_HAL_Driver/Src/stm32f1xx_hal_gpio.o
 .debug_aranges
                0x00000850       0x90 ./Drivers/STM32F1xx_HAL_Driver/Src/stm32f1xx_hal_rcc.o
 .debug_aranges
                0x000008e0       0x30 ./Drivers/STM32F1xx_HAL_Driver/Src/stm32f1xx_hal_rcc_ex.o
 .debug_aranges
                0x00000910      0x1d0 ./Drivers/STM32F1xx_HAL_Driver/Src/stm32f1xx_hal_spi.o
 .debug_aranges
                0x00000ae0      0x3d0 ./Drivers/STM32F1xx_HAL_Driver/Src/stm32f1xx_hal_tim.o
 .debug_aranges
                0x00000eb0      0x168 ./Drivers/STM32F1xx_HAL_Driver/Src/stm32f1xx_hal_tim_ex.o
 .debug_aranges
                0x00001018      0x208 ./Drivers/STM32F1xx_HAL_Driver/Src/stm32f1xx_hal_uart.o

.debug_rnglists
                0x00000000      0xdf9
 .debug_rnglists
                0x00000000       0x20 ./Core/Src/adc.o
 .debug_rnglists
                0x00000020       0x82 ./Core/Src/ads131m0x.o
 .debug_rnglists