../Core/Src/ads131m0x.c:83:10:getRegisterValue	16	static
../Core/Src/ads131m0x.c:104:6:adcStartup	24	static
../Core/Src/ads131m0x.c:181:10:readSingleRegister	40	static
../Core/Src/ads131m0x.c:222:6:writeSingleRegister	40	static
../Core/Src/ads131m0x.c:274:6:readData	32	static
../Core/Src/ads131m0x.c:426:10:sendCommand	32	static
../Core/Src/ads131m0x.c:477:6:resetDevice	24	static
../Core/Src/ads131m0x.c:537:6:lockRegisters	24	static
../Core/Src/ads131m0x.c:585:6:unlockRegisters	24	static
../Core/Src/ads131m0x.c:639:10:calculateCRC	32	static
../Core/Src/ads131m0x.c:724:6:restoreRegisterDefaults	4	static
../Core/Src/ads131m0x.c:812:9:upperByte	24	static
../Core/Src/ads131m0x.c:833:9:lowerByte	24	static
../Core/Src/ads131m0x.c:855:10:combineBytes	24	static
../Core/Src/ads131m0x.c:876:9:signExtend	32	static
../Core/Src/ads131m0x.c:939:9:buildSPIarray	40	static
../Core/Src/ads131m0x.c:984:10:enforce_selected_device_modes	16	static
../Core/Src/ads131m0x.c:1068:9:getWordByteLength	8	static
