../Core/Src/ads131m0x.c:83:10:getRegisterValue	16	static
../Core/Src/ads131m0x.c:104:6:adcStartup	24	static
../Core/Src/ads131m0x.c:180:10:readSingleRegister	40	static
../Core/Src/ads131m0x.c:221:6:writeSingleRegister	40	static
../Core/Src/ads131m0x.c:273:6:readData	32	static
../Core/Src/ads131m0x.c:425:10:sendCommand	32	static
../Core/Src/ads131m0x.c:476:6:resetDevice	24	static
../Core/Src/ads131m0x.c:536:6:lockRegisters	24	static
../Core/Src/ads131m0x.c:584:6:unlockRegisters	24	static
../Core/Src/ads131m0x.c:638:10:calculateCRC	32	static
../Core/Src/ads131m0x.c:723:6:restoreRegisterDefaults	4	static
../Core/Src/ads131m0x.c:811:9:upperByte	24	static
../Core/Src/ads131m0x.c:832:9:lowerByte	24	static
../Core/Src/ads131m0x.c:854:10:combineBytes	24	static
../Core/Src/ads131m0x.c:875:9:signExtend	32	static
../Core/Src/ads131m0x.c:938:9:buildSPIarray	40	static
../Core/Src/ads131m0x.c:983:10:enforce_selected_device_modes	16	static
../Core/Src/ads131m0x.c:1059:9:getWordByteLength	8	static
